Component: ARM Compiler 5.05 update 1 (build 106) Tool: armlink [4d0efa]

==============================================================================

Section Cross References

    dt5m8x_it.o(i.ADC_Rise_Int_Handler) refers to adc.o(.data) for adc_done
    dt5m8x_it.o(i.Timer0_Int_Handler) refers to timer.o(i.Timer_GetIntFlag) for Timer_GetIntFlag
    dt5m8x_it.o(i.Timer0_Int_Handler) refers to timer.o(i.Timer_ClearIntFlag) for Timer_ClearIntFlag
    dt5m8x_it.o(i.Timer1_Int_Handler) refers to timer.o(i.Timer_GetIntFlag) for Timer_GetIntFlag
    dt5m8x_it.o(i.Timer1_Int_Handler) refers to timer.o(i.Timer_ClearIntFlag) for Timer_ClearIntFlag
    main.o(i.UART1_Init_Usr) refers to memseta.o(.text) for __aeabi_memclr4
    main.o(i.UART1_Init_Usr) refers to gpio.o(i.GPIO_StructInit) for GPIO_StructInit
    main.o(i.UART1_Init_Usr) refers to rcc.o(i.RCC_UartClk_Int) for RCC_UartClk_Int
    main.o(i.UART1_Init_Usr) refers to uart1.o(i.UART1_StructInit) for UART1_StructInit
    main.o(i.main) refers to main.o(i.UART1_Init_Usr) for UART1_Init_Usr
    main.o(i.main) refers to systick.o(i.Delay_ms) for Delay_ms
    main.o(i.main) refers to printf2.o(i.__0printf$2) for __2printf
    startup_dt5m8x.o(STACK) refers (Special) to system_dt5m8x.o(i.SystemInit) for SystemInit
    startup_dt5m8x.o(HEAP) refers (Special) to system_dt5m8x.o(i.SystemInit) for SystemInit
    startup_dt5m8x.o(RESET) refers (Special) to system_dt5m8x.o(i.SystemInit) for SystemInit
    startup_dt5m8x.o(RESET) refers to startup_dt5m8x.o(STACK) for __initial_sp
    startup_dt5m8x.o(RESET) refers to startup_dt5m8x.o(.text) for Reset_Handler
    startup_dt5m8x.o(RESET) refers to dt5m8x_it.o(i.SysTick_Handler) for SysTick_Handler
    startup_dt5m8x.o(RESET) refers to dt5m8x_it.o(i.WDT_Int_Handler) for WDT_Int_Handler
    startup_dt5m8x.o(RESET) refers to dt5m8x_it.o(i.Timer0_Int_Handler) for Timer0_Int_Handler
    startup_dt5m8x.o(RESET) refers to dt5m8x_it.o(i.Timer1_Int_Handler) for Timer1_Int_Handler
    startup_dt5m8x.o(RESET) refers to dt5m8x_it.o(i.GPIO_Int_Handler) for GPIO_Int_Handler
    startup_dt5m8x.o(RESET) refers to dt5m8x_it.o(i.GPIO_WakeUp_Int_Handler) for GPIO_WakeUp_Int_Handler
    startup_dt5m8x.o(RESET) refers to dt5m8x_it.o(i.Sound_Int_Handler) for Sound_Int_Handler
    startup_dt5m8x.o(RESET) refers to dt5m8x_it.o(i.SPI_Int_Handler) for SPI_Int_Handler
    startup_dt5m8x.o(RESET) refers to dt5m8x_it.o(i.I2C_Int_Handler) for I2C_Int_Handler
    startup_dt5m8x.o(RESET) refers to dt5m8x_it.o(i.RTC_Int_Handler) for RTC_Int_Handler
    startup_dt5m8x.o(RESET) refers to dt5m8x_it.o(i.ADC_Int_Handler) for ADC_Int_Handler
    startup_dt5m8x.o(RESET) refers to dt5m8x_it.o(i.ADC_Fall_Int_Handler) for ADC_Fall_Int_Handler
    startup_dt5m8x.o(RESET) refers to dt5m8x_it.o(i.ADC_Rise_Int_Handler) for ADC_Rise_Int_Handler
    startup_dt5m8x.o(.text) refers (Special) to system_dt5m8x.o(i.SystemInit) for SystemInit
    startup_dt5m8x.o(.text) refers to entry.o(.ARM.Collect$$$$00000000) for __main
    adc.o(i.ADC_Init_Usr) refers to clk.o(i.CLK_Enable) for CLK_Enable
    adc.o(i.ADC_Init_Usr) refers to adc.o(i.ADC_EnableInt) for ADC_EnableInt
    adc.o(i.ADC_measure) refers to adc.o(.data) for adc_done
    adc.o(i.switch_channel) refers to systick.o(i.Delay_ms) for Delay_ms
    gpio.o(i.GPIO_DisableTriggleInt) refers to gpio.o(i.NVIC_DisableIRQ) for NVIC_DisableIRQ
    gpio.o(i.GPIO_DisableWakeUpInt) refers to gpio.o(i.NVIC_DisableIRQ) for NVIC_DisableIRQ
    gpio.o(i.GPIO_EnableTriggleInt) refers to gpio.o(i.NVIC_EnableIRQ) for NVIC_EnableIRQ
    gpio.o(i.GPIO_EnableWakeUpInt) refers to gpio.o(i.NVIC_EnableIRQ) for NVIC_EnableIRQ
    i2c.o(i.I2C_Get_RX_FIFO) refers to i2c.o(i.I2C_Check_RX_FIFO_Empty) for I2C_Check_RX_FIFO_Empty
    rtc.o(i.RTC_ClearIntFlag) refers to rtc.o(i.delay) for delay
    rtc.o(i.RTC_Disable) refers to rtc.o(i.delay) for delay
    rtc.o(i.RTC_DisableInt) refers to rtc.o(i.delay) for delay
    rtc.o(i.RTC_Enable) refers to rtc.o(i.delay) for delay
    rtc.o(i.RTC_EnableInt) refers to rtc.o(i.delay) for delay
    rtc.o(i.RTC_GetIntFlag) refers to rtc.o(i.delay) for delay
    rtc.o(i.RTC_Get_CCVR) refers to rtc.o(i.delay) for delay
    rtc.o(i.RTC_Get_CLR) refers to rtc.o(i.delay) for delay
    rtc.o(i.RTC_Get_CMR) refers to rtc.o(i.delay) for delay
    rtc.o(i.RTC_SetCLR) refers to rtc.o(i.delay) for delay
    rtc.o(i.RTC_SetCMR) refers to rtc.o(i.delay) for delay
    rtc.o(i.RTC_StructInit) refers to rtc.o(i.delay) for delay
    timer.o(i.Timer_DisableInt) refers to timer.o(i.Timer_ClearIntFlag) for Timer_ClearIntFlag
    timer.o(i.Timer_DisableInt) refers to timer.o(i.NVIC_DisableIRQ) for NVIC_DisableIRQ
    timer.o(i.Timer_EnableInt) refers to timer.o(i.Timer_ClearIntFlag) for Timer_ClearIntFlag
    timer.o(i.Timer_EnableInt) refers to timer.o(i.NVIC_EnableIRQ) for NVIC_EnableIRQ
    uart1.o(i.UART1_StructInit) refers to ffltui.o(.text) for __aeabi_ui2f
    uart1.o(i.UART1_StructInit) refers to fmul.o(.text) for __aeabi_fmul
    uart1.o(i.UART1_StructInit) refers to fdiv.o(.text) for __aeabi_fdiv
    uart1.o(i.UART1_StructInit) refers to ffixui.o(.text) for __aeabi_f2uiz
    wdt.o(i.WDT_ClearIntFlag) refers to wdt.o(i.delay) for delay
    wdt.o(i.WDT_Disable) refers to wdt.o(i.delay) for delay
    wdt.o(i.WDT_DisableInt) refers to wdt.o(i.delay) for delay
    wdt.o(i.WDT_Enable) refers to wdt.o(i.delay) for delay
    wdt.o(i.WDT_EnableInt) refers to wdt.o(i.delay) for delay
    wdt.o(i.WDT_GetIntFlag) refers to wdt.o(i.delay) for delay
    wdt.o(i.WDT_Get_CCVR) refers to wdt.o(i.delay) for delay
    wdt.o(i.WDT_Get_CLR) refers to wdt.o(i.delay) for delay
    wdt.o(i.WDT_Get_CMR) refers to wdt.o(i.delay) for delay
    wdt.o(i.WDT_Refesh) refers to wdt.o(i.delay) for delay
    wdt.o(i.WDT_SetCLR) refers to wdt.o(i.delay) for delay
    wdt.o(i.WDT_SetCMR) refers to wdt.o(i.delay) for delay
    wdt.o(i.WDT_StructInit) refers to wdt.o(i.delay) for delay
    systick.o(i.Delay_ms) refers to systick.o(i.Delay_us) for Delay_us
    systick.o(i.SysTick1ms_Init) refers to systick.o(i.NVIC_SetPriority) for NVIC_SetPriority
    systick.o(i.SysTick_GetTick) refers to systick.o(.data) for systick_count
    systick.o(i.SysTick_RstTick) refers to systick.o(.data) for systick_count
    systick.o(i.Systick_Int_Handler) refers to systick.o(.data) for systick_count
    entry.o(.ARM.Collect$$$$00000000) refers (Special) to entry10a.o(.ARM.Collect$$$$0000000D) for __rt_final_cpp
    entry.o(.ARM.Collect$$$$00000000) refers (Special) to entry11a.o(.ARM.Collect$$$$0000000F) for __rt_final_exit
    entry.o(.ARM.Collect$$$$00000000) refers (Special) to entry7b.o(.ARM.Collect$$$$00000008) for _main_clock
    entry.o(.ARM.Collect$$$$00000000) refers (Special) to entry8b.o(.ARM.Collect$$$$0000000A) for _main_cpp_init
    entry.o(.ARM.Collect$$$$00000000) refers (Special) to entry9a.o(.ARM.Collect$$$$0000000B) for _main_init
    entry.o(.ARM.Collect$$$$00000000) refers (Special) to entry5.o(.ARM.Collect$$$$00000004) for _main_scatterload
    entry.o(.ARM.Collect$$$$00000000) refers (Special) to entry2.o(.ARM.Collect$$$$00000001) for _main_stk
    printfb.o(i.__0fprintf$bare) refers to printfb.o(i._printf_core) for _printf_core
    printfb.o(i.__0fprintf$bare) refers to uart1.o(i.fputc) for fputc
    printfb.o(i.__0printf$bare) refers to printfb.o(i._printf_core) for _printf_core
    printfb.o(i.__0printf$bare) refers to uart1.o(i.fputc) for fputc
    printfb.o(i.__0printf$bare) refers to stdout.o(.data) for __stdout
    printfb.o(i.__0snprintf$bare) refers to printfb.o(i._printf_core) for _printf_core
    printfb.o(i.__0snprintf$bare) refers to printfb.o(i._snputc) for _snputc
    printfb.o(i.__0sprintf$bare) refers to printfb.o(i._printf_core) for _printf_core
    printfb.o(i.__0sprintf$bare) refers to printfb.o(i._sputc) for _sputc
    printfb.o(i.__0vfprintf$bare) refers to printfb.o(i._printf_core) for _printf_core
    printfb.o(i.__0vfprintf$bare) refers to uart1.o(i.fputc) for fputc
    printfb.o(i.__0vprintf$bare) refers to printfb.o(i._printf_core) for _printf_core
    printfb.o(i.__0vprintf$bare) refers to uart1.o(i.fputc) for fputc
    printfb.o(i.__0vprintf$bare) refers to stdout.o(.data) for __stdout
    printfb.o(i.__0vsnprintf$bare) refers to printfb.o(i._printf_core) for _printf_core
    printfb.o(i.__0vsnprintf$bare) refers to printfb.o(i._snputc) for _snputc
    printfb.o(i.__0vsprintf$bare) refers to printfb.o(i._printf_core) for _printf_core
    printfb.o(i.__0vsprintf$bare) refers to printfb.o(i._sputc) for _sputc
    printf0.o(i.__0fprintf$0) refers to printf0.o(i._printf_core) for _printf_core
    printf0.o(i.__0fprintf$0) refers to uart1.o(i.fputc) for fputc
    printf0.o(i.__0printf$0) refers to printf0.o(i._printf_core) for _printf_core
    printf0.o(i.__0printf$0) refers to uart1.o(i.fputc) for fputc
    printf0.o(i.__0printf$0) refers to stdout.o(.data) for __stdout
    printf0.o(i.__0snprintf$0) refers to printf0.o(i._printf_core) for _printf_core
    printf0.o(i.__0snprintf$0) refers to printf0.o(i._snputc) for _snputc
    printf0.o(i.__0sprintf$0) refers to printf0.o(i._printf_core) for _printf_core
    printf0.o(i.__0sprintf$0) refers to printf0.o(i._sputc) for _sputc
    printf0.o(i.__0vfprintf$0) refers to printf0.o(i._printf_core) for _printf_core
    printf0.o(i.__0vfprintf$0) refers to uart1.o(i.fputc) for fputc
    printf0.o(i.__0vprintf$0) refers to printf0.o(i._printf_core) for _printf_core
    printf0.o(i.__0vprintf$0) refers to uart1.o(i.fputc) for fputc
    printf0.o(i.__0vprintf$0) refers to stdout.o(.data) for __stdout
    printf0.o(i.__0vsnprintf$0) refers to printf0.o(i._printf_core) for _printf_core
    printf0.o(i.__0vsnprintf$0) refers to printf0.o(i._snputc) for _snputc
    printf0.o(i.__0vsprintf$0) refers to printf0.o(i._printf_core) for _printf_core
    printf0.o(i.__0vsprintf$0) refers to printf0.o(i._sputc) for _sputc
    printf1.o(i.__0fprintf$1) refers to printf1.o(i._printf_core) for _printf_core
    printf1.o(i.__0fprintf$1) refers to uart1.o(i.fputc) for fputc
    printf1.o(i.__0printf$1) refers to printf1.o(i._printf_core) for _printf_core
    printf1.o(i.__0printf$1) refers to uart1.o(i.fputc) for fputc
    printf1.o(i.__0printf$1) refers to stdout.o(.data) for __stdout
    printf1.o(i.__0snprintf$1) refers to printf1.o(i._printf_core) for _printf_core
    printf1.o(i.__0snprintf$1) refers to printf1.o(i._snputc) for _snputc
    printf1.o(i.__0sprintf$1) refers to printf1.o(i._printf_core) for _printf_core
    printf1.o(i.__0sprintf$1) refers to printf1.o(i._sputc) for _sputc
    printf1.o(i.__0vfprintf$1) refers to printf1.o(i._printf_core) for _printf_core
    printf1.o(i.__0vfprintf$1) refers to uart1.o(i.fputc) for fputc
    printf1.o(i.__0vprintf$1) refers to printf1.o(i._printf_core) for _printf_core
    printf1.o(i.__0vprintf$1) refers to uart1.o(i.fputc) for fputc
    printf1.o(i.__0vprintf$1) refers to stdout.o(.data) for __stdout
    printf1.o(i.__0vsnprintf$1) refers to printf1.o(i._printf_core) for _printf_core
    printf1.o(i.__0vsnprintf$1) refers to printf1.o(i._snputc) for _snputc
    printf1.o(i.__0vsprintf$1) refers to printf1.o(i._printf_core) for _printf_core
    printf1.o(i.__0vsprintf$1) refers to printf1.o(i._sputc) for _sputc
    printf1.o(i._printf_core) refers to uidiv.o(.text) for __aeabi_uidivmod
    printf2.o(i.__0fprintf$2) refers to printf2.o(i._printf_core) for _printf_core
    printf2.o(i.__0fprintf$2) refers to uart1.o(i.fputc) for fputc
    printf2.o(i.__0printf$2) refers to printf2.o(i._printf_core) for _printf_core
    printf2.o(i.__0printf$2) refers to uart1.o(i.fputc) for fputc
    printf2.o(i.__0printf$2) refers to stdout.o(.data) for __stdout
    printf2.o(i.__0snprintf$2) refers to printf2.o(i._printf_core) for _printf_core
    printf2.o(i.__0snprintf$2) refers to printf2.o(i._snputc) for _snputc
    printf2.o(i.__0sprintf$2) refers to printf2.o(i._printf_core) for _printf_core
    printf2.o(i.__0sprintf$2) refers to printf2.o(i._sputc) for _sputc
    printf2.o(i.__0vfprintf$2) refers to printf2.o(i._printf_core) for _printf_core
    printf2.o(i.__0vfprintf$2) refers to uart1.o(i.fputc) for fputc
    printf2.o(i.__0vprintf$2) refers to printf2.o(i._printf_core) for _printf_core
    printf2.o(i.__0vprintf$2) refers to uart1.o(i.fputc) for fputc
    printf2.o(i.__0vprintf$2) refers to stdout.o(.data) for __stdout
    printf2.o(i.__0vsnprintf$2) refers to printf2.o(i._printf_core) for _printf_core
    printf2.o(i.__0vsnprintf$2) refers to printf2.o(i._snputc) for _snputc
    printf2.o(i.__0vsprintf$2) refers to printf2.o(i._printf_core) for _printf_core
    printf2.o(i.__0vsprintf$2) refers to printf2.o(i._sputc) for _sputc
    printf3.o(i.__0fprintf$3) refers to printf3.o(i._printf_core) for _printf_core
    printf3.o(i.__0fprintf$3) refers to uart1.o(i.fputc) for fputc
    printf3.o(i.__0printf$3) refers to printf3.o(i._printf_core) for _printf_core
    printf3.o(i.__0printf$3) refers to uart1.o(i.fputc) for fputc
    printf3.o(i.__0printf$3) refers to stdout.o(.data) for __stdout
    printf3.o(i.__0snprintf$3) refers to printf3.o(i._printf_core) for _printf_core
    printf3.o(i.__0snprintf$3) refers to printf3.o(i._snputc) for _snputc
    printf3.o(i.__0sprintf$3) refers to printf3.o(i._printf_core) for _printf_core
    printf3.o(i.__0sprintf$3) refers to printf3.o(i._sputc) for _sputc
    printf3.o(i.__0vfprintf$3) refers to printf3.o(i._printf_core) for _printf_core
    printf3.o(i.__0vfprintf$3) refers to uart1.o(i.fputc) for fputc
    printf3.o(i.__0vprintf$3) refers to printf3.o(i._printf_core) for _printf_core
    printf3.o(i.__0vprintf$3) refers to uart1.o(i.fputc) for fputc
    printf3.o(i.__0vprintf$3) refers to stdout.o(.data) for __stdout
    printf3.o(i.__0vsnprintf$3) refers to printf3.o(i._printf_core) for _printf_core
    printf3.o(i.__0vsnprintf$3) refers to printf3.o(i._snputc) for _snputc
    printf3.o(i.__0vsprintf$3) refers to printf3.o(i._printf_core) for _printf_core
    printf3.o(i.__0vsprintf$3) refers to printf3.o(i._sputc) for _sputc
    printf3.o(i._printf_core) refers to uidiv.o(.text) for __aeabi_uidivmod
    printf4.o(i.__0fprintf$4) refers to printf4.o(i._printf_core) for _printf_core
    printf4.o(i.__0fprintf$4) refers to uart1.o(i.fputc) for fputc
    printf4.o(i.__0printf$4) refers to printf4.o(i._printf_core) for _printf_core
    printf4.o(i.__0printf$4) refers to uart1.o(i.fputc) for fputc
    printf4.o(i.__0printf$4) refers to stdout.o(.data) for __stdout
    printf4.o(i.__0snprintf$4) refers to printf4.o(i._printf_core) for _printf_core
    printf4.o(i.__0snprintf$4) refers to printf4.o(i._snputc) for _snputc
    printf4.o(i.__0sprintf$4) refers to printf4.o(i._printf_core) for _printf_core
    printf4.o(i.__0sprintf$4) refers to printf4.o(i._sputc) for _sputc
    printf4.o(i.__0vfprintf$4) refers to printf4.o(i._printf_core) for _printf_core
    printf4.o(i.__0vfprintf$4) refers to uart1.o(i.fputc) for fputc
    printf4.o(i.__0vprintf$4) refers to printf4.o(i._printf_core) for _printf_core
    printf4.o(i.__0vprintf$4) refers to uart1.o(i.fputc) for fputc
    printf4.o(i.__0vprintf$4) refers to stdout.o(.data) for __stdout
    printf4.o(i.__0vsnprintf$4) refers to printf4.o(i._printf_core) for _printf_core
    printf4.o(i.__0vsnprintf$4) refers to printf4.o(i._snputc) for _snputc
    printf4.o(i.__0vsprintf$4) refers to printf4.o(i._printf_core) for _printf_core
    printf4.o(i.__0vsprintf$4) refers to printf4.o(i._sputc) for _sputc
    printf4.o(i._printf_core) refers to uldiv.o(.text) for __aeabi_uldivmod
    printf5.o(i.__0fprintf$5) refers to printf5.o(i._printf_core) for _printf_core
    printf5.o(i.__0fprintf$5) refers to uart1.o(i.fputc) for fputc
    printf5.o(i.__0printf$5) refers to printf5.o(i._printf_core) for _printf_core
    printf5.o(i.__0printf$5) refers to uart1.o(i.fputc) for fputc
    printf5.o(i.__0printf$5) refers to stdout.o(.data) for __stdout
    printf5.o(i.__0snprintf$5) refers to printf5.o(i._printf_core) for _printf_core
    printf5.o(i.__0snprintf$5) refers to printf5.o(i._snputc) for _snputc
    printf5.o(i.__0sprintf$5) refers to printf5.o(i._printf_core) for _printf_core
    printf5.o(i.__0sprintf$5) refers to printf5.o(i._sputc) for _sputc
    printf5.o(i.__0vfprintf$5) refers to printf5.o(i._printf_core) for _printf_core
    printf5.o(i.__0vfprintf$5) refers to uart1.o(i.fputc) for fputc
    printf5.o(i.__0vprintf$5) refers to printf5.o(i._printf_core) for _printf_core
    printf5.o(i.__0vprintf$5) refers to uart1.o(i.fputc) for fputc
    printf5.o(i.__0vprintf$5) refers to stdout.o(.data) for __stdout
    printf5.o(i.__0vsnprintf$5) refers to printf5.o(i._printf_core) for _printf_core
    printf5.o(i.__0vsnprintf$5) refers to printf5.o(i._snputc) for _snputc
    printf5.o(i.__0vsprintf$5) refers to printf5.o(i._printf_core) for _printf_core
    printf5.o(i.__0vsprintf$5) refers to printf5.o(i._sputc) for _sputc
    printf5.o(i._printf_core) refers to uldiv.o(.text) for __aeabi_uldivmod
    printf6.o(i.__0fprintf$6) refers to printf6.o(i._printf_core) for _printf_core
    printf6.o(i.__0fprintf$6) refers to uart1.o(i.fputc) for fputc
    printf6.o(i.__0printf$6) refers to printf6.o(i._printf_core) for _printf_core
    printf6.o(i.__0printf$6) refers to uart1.o(i.fputc) for fputc
    printf6.o(i.__0printf$6) refers to stdout.o(.data) for __stdout
    printf6.o(i.__0snprintf$6) refers to printf6.o(i._printf_core) for _printf_core
    printf6.o(i.__0snprintf$6) refers to printf6.o(i._snputc) for _snputc
    printf6.o(i.__0sprintf$6) refers to printf6.o(i._printf_core) for _printf_core
    printf6.o(i.__0sprintf$6) refers to printf6.o(i._sputc) for _sputc
    printf6.o(i.__0vfprintf$6) refers to printf6.o(i._printf_core) for _printf_core
    printf6.o(i.__0vfprintf$6) refers to uart1.o(i.fputc) for fputc
    printf6.o(i.__0vprintf$6) refers to printf6.o(i._printf_core) for _printf_core
    printf6.o(i.__0vprintf$6) refers to uart1.o(i.fputc) for fputc
    printf6.o(i.__0vprintf$6) refers to stdout.o(.data) for __stdout
    printf6.o(i.__0vsnprintf$6) refers to printf6.o(i._printf_core) for _printf_core
    printf6.o(i.__0vsnprintf$6) refers to printf6.o(i._snputc) for _snputc
    printf6.o(i.__0vsprintf$6) refers to printf6.o(i._printf_core) for _printf_core
    printf6.o(i.__0vsprintf$6) refers to printf6.o(i._sputc) for _sputc
    printf6.o(i._printf_core) refers to printf6.o(i._printf_pre_padding) for _printf_pre_padding
    printf6.o(i._printf_core) refers to printf6.o(i._printf_post_padding) for _printf_post_padding
    printf6.o(i._printf_core) refers to uidiv.o(.text) for __aeabi_uidivmod
    printf7.o(i.__0fprintf$7) refers to printf7.o(i._printf_core) for _printf_core
    printf7.o(i.__0fprintf$7) refers to uart1.o(i.fputc) for fputc
    printf7.o(i.__0printf$7) refers to printf7.o(i._printf_core) for _printf_core
    printf7.o(i.__0printf$7) refers to uart1.o(i.fputc) for fputc
    printf7.o(i.__0printf$7) refers to stdout.o(.data) for __stdout
    printf7.o(i.__0snprintf$7) refers to printf7.o(i._printf_core) for _printf_core
    printf7.o(i.__0snprintf$7) refers to printf7.o(i._snputc) for _snputc
    printf7.o(i.__0sprintf$7) refers to printf7.o(i._printf_core) for _printf_core
    printf7.o(i.__0sprintf$7) refers to printf7.o(i._sputc) for _sputc
    printf7.o(i.__0vfprintf$7) refers to printf7.o(i._printf_core) for _printf_core
    printf7.o(i.__0vfprintf$7) refers to uart1.o(i.fputc) for fputc
    printf7.o(i.__0vprintf$7) refers to printf7.o(i._printf_core) for _printf_core
    printf7.o(i.__0vprintf$7) refers to uart1.o(i.fputc) for fputc
    printf7.o(i.__0vprintf$7) refers to stdout.o(.data) for __stdout
    printf7.o(i.__0vsnprintf$7) refers to printf7.o(i._printf_core) for _printf_core
    printf7.o(i.__0vsnprintf$7) refers to printf7.o(i._snputc) for _snputc
    printf7.o(i.__0vsprintf$7) refers to printf7.o(i._printf_core) for _printf_core
    printf7.o(i.__0vsprintf$7) refers to printf7.o(i._sputc) for _sputc
    printf7.o(i._printf_core) refers to printf7.o(i._printf_pre_padding) for _printf_pre_padding
    printf7.o(i._printf_core) refers to printf7.o(i._printf_post_padding) for _printf_post_padding
    printf7.o(i._printf_core) refers to uldiv.o(.text) for __aeabi_uldivmod
    printf8.o(i.__0fprintf$8) refers to printf8.o(i._printf_core) for _printf_core
    printf8.o(i.__0fprintf$8) refers to uart1.o(i.fputc) for fputc
    printf8.o(i.__0printf$8) refers to printf8.o(i._printf_core) for _printf_core
    printf8.o(i.__0printf$8) refers to uart1.o(i.fputc) for fputc
    printf8.o(i.__0printf$8) refers to stdout.o(.data) for __stdout
    printf8.o(i.__0snprintf$8) refers to printf8.o(i._printf_core) for _printf_core
    printf8.o(i.__0snprintf$8) refers to printf8.o(i._snputc) for _snputc
    printf8.o(i.__0sprintf$8) refers to printf8.o(i._printf_core) for _printf_core
    printf8.o(i.__0sprintf$8) refers to printf8.o(i._sputc) for _sputc
    printf8.o(i.__0vfprintf$8) refers to printf8.o(i._printf_core) for _printf_core
    printf8.o(i.__0vfprintf$8) refers to uart1.o(i.fputc) for fputc
    printf8.o(i.__0vprintf$8) refers to printf8.o(i._printf_core) for _printf_core
    printf8.o(i.__0vprintf$8) refers to uart1.o(i.fputc) for fputc
    printf8.o(i.__0vprintf$8) refers to stdout.o(.data) for __stdout
    printf8.o(i.__0vsnprintf$8) refers to printf8.o(i._printf_core) for _printf_core
    printf8.o(i.__0vsnprintf$8) refers to printf8.o(i._snputc) for _snputc
    printf8.o(i.__0vsprintf$8) refers to printf8.o(i._printf_core) for _printf_core
    printf8.o(i.__0vsprintf$8) refers to printf8.o(i._sputc) for _sputc
    printf8.o(i._printf_core) refers to printf8.o(i._printf_pre_padding) for _printf_pre_padding
    printf8.o(i._printf_core) refers to printf8.o(i._printf_post_padding) for _printf_post_padding
    printf8.o(i._printf_core) refers to uldiv.o(.text) for __aeabi_uldivmod
    printfa.o(i.__0fprintf) refers (Special) to iusefp.o(.text) for __I$use$fp
    printfa.o(i.__0fprintf) refers to printfa.o(i._printf_core) for _printf_core
    printfa.o(i.__0fprintf) refers to uart1.o(i.fputc) for fputc
    printfa.o(i.__0printf) refers (Special) to iusefp.o(.text) for __I$use$fp
    printfa.o(i.__0printf) refers to printfa.o(i._printf_core) for _printf_core
    printfa.o(i.__0printf) refers to uart1.o(i.fputc) for fputc
    printfa.o(i.__0printf) refers to stdout.o(.data) for __stdout
    printfa.o(i.__0snprintf) refers (Special) to iusefp.o(.text) for __I$use$fp
    printfa.o(i.__0snprintf) refers to printfa.o(i._printf_core) for _printf_core
    printfa.o(i.__0snprintf) refers to printfa.o(i._snputc) for _snputc
    printfa.o(i.__0sprintf) refers (Special) to iusefp.o(.text) for __I$use$fp
    printfa.o(i.__0sprintf) refers to printfa.o(i._printf_core) for _printf_core
    printfa.o(i.__0sprintf) refers to printfa.o(i._sputc) for _sputc
    printfa.o(i.__0vfprintf) refers (Special) to iusefp.o(.text) for __I$use$fp
    printfa.o(i.__0vfprintf) refers to printfa.o(i._printf_core) for _printf_core
    printfa.o(i.__0vfprintf) refers to uart1.o(i.fputc) for fputc
    printfa.o(i.__0vprintf) refers (Special) to iusefp.o(.text) for __I$use$fp
    printfa.o(i.__0vprintf) refers to printfa.o(i._printf_core) for _printf_core
    printfa.o(i.__0vprintf) refers to uart1.o(i.fputc) for fputc
    printfa.o(i.__0vprintf) refers to stdout.o(.data) for __stdout
    printfa.o(i.__0vsnprintf) refers (Special) to iusefp.o(.text) for __I$use$fp
    printfa.o(i.__0vsnprintf) refers to printfa.o(i._printf_core) for _printf_core
    printfa.o(i.__0vsnprintf) refers to printfa.o(i._snputc) for _snputc
    printfa.o(i.__0vsprintf) refers (Special) to iusefp.o(.text) for __I$use$fp
    printfa.o(i.__0vsprintf) refers to printfa.o(i._printf_core) for _printf_core
    printfa.o(i.__0vsprintf) refers to printfa.o(i._sputc) for _sputc
    printfa.o(i._fp_digits) refers (Special) to iusefp.o(.text) for __I$use$fp
    printfa.o(i._fp_digits) refers to dmul.o(.text) for __aeabi_dmul
    printfa.o(i._fp_digits) refers to ddiv.o(.text) for __aeabi_ddiv
    printfa.o(i._fp_digits) refers to cdrcmple.o(.text) for __aeabi_cdrcmple
    printfa.o(i._fp_digits) refers to dadd.o(.text) for __aeabi_dadd
    printfa.o(i._fp_digits) refers to dfixul.o(.text) for __aeabi_d2ulz
    printfa.o(i._fp_digits) refers to uldiv.o(.text) for __aeabi_uldivmod
    printfa.o(i._printf_core) refers (Special) to iusefp.o(.text) for __I$use$fp
    printfa.o(i._printf_core) refers to printfa.o(i._printf_pre_padding) for _printf_pre_padding
    printfa.o(i._printf_core) refers to uldiv.o(.text) for __aeabi_uldivmod
    printfa.o(i._printf_core) refers to printfa.o(i._printf_post_padding) for _printf_post_padding
    printfa.o(i._printf_core) refers to printfa.o(i._fp_digits) for _fp_digits
    printfa.o(i._printf_core) refers to uidiv.o(.text) for __aeabi_uidivmod
    printfa.o(i._printf_post_padding) refers (Special) to iusefp.o(.text) for __I$use$fp
    printfa.o(i._printf_pre_padding) refers (Special) to iusefp.o(.text) for __I$use$fp
    printfa.o(i._snputc) refers (Special) to iusefp.o(.text) for __I$use$fp
    printfa.o(i._sputc) refers (Special) to iusefp.o(.text) for __I$use$fp
    fmul.o(.text) refers (Special) to iusefp.o(.text) for __I$use$fp
    fdiv.o(.text) refers (Special) to iusefp.o(.text) for __I$use$fp
    fdiv.o(.text) refers to fepilogue.o(.text) for _float_round
    ffltui.o(.text) refers (Special) to iusefp.o(.text) for __I$use$fp
    ffltui.o(.text) refers to fepilogue.o(.text) for _float_epilogue
    ffixui.o(.text) refers (Special) to iusefp.o(.text) for __I$use$fp
    entry2.o(.ARM.Collect$$$$00000001) refers to entry2.o(.ARM.Collect$$$$00002712) for __lit__00000000
    entry2.o(.ARM.Collect$$$$00002712) refers to startup_dt5m8x.o(STACK) for __initial_sp
    entry2.o(__vectab_stack_and_reset_area) refers to startup_dt5m8x.o(STACK) for __initial_sp
    entry2.o(__vectab_stack_and_reset_area) refers to entry.o(.ARM.Collect$$$$00000000) for __main
    entry5.o(.ARM.Collect$$$$00000004) refers to init.o(.text) for __scatterload
    entry9a.o(.ARM.Collect$$$$0000000B) refers to main.o(i.main) for main
    entry9b.o(.ARM.Collect$$$$0000000C) refers to main.o(i.main) for main
    uldiv.o(.text) refers to llushr.o(.text) for __aeabi_llsr
    uldiv.o(.text) refers to llshl.o(.text) for __aeabi_llsl
    dadd.o(.text) refers to llshl.o(.text) for __aeabi_llsl
    dadd.o(.text) refers to llsshr.o(.text) for __aeabi_lasr
    dadd.o(.text) refers to depilogue.o(.text) for _double_epilogue
    dmul.o(.text) refers to depilogue.o(.text) for _double_epilogue
    ddiv.o(.text) refers to depilogue.o(.text) for _double_round
    dfixul.o(.text) refers to llushr.o(.text) for __aeabi_llsr
    dfixul.o(.text) refers to llshl.o(.text) for __aeabi_llsl
    init.o(.text) refers to entry5.o(.ARM.Collect$$$$00000004) for __main_after_scatterload
    depilogue.o(.text) refers to depilogue.o(i.__ARM_clz) for __ARM_clz
    depilogue.o(.text) refers to llshl.o(.text) for __aeabi_llsl
    depilogue.o(.text) refers to llushr.o(.text) for __aeabi_llsr


==============================================================================

Removing Unused input sections from the image.

    Removing dt5m8x_it.o(.rev16_text), (4 bytes).
    Removing dt5m8x_it.o(.revsh_text), (4 bytes).
    Removing dt5m8x_it.o(i.Lcd_FrameCount_Handler), (2 bytes).
    Removing dt5m8x_it.o(i.Lcd_PowerDownReady_Handler), (2 bytes).
    Removing dt5m8x_it.o(i.Lcd_WakeUpDone_Handler), (2 bytes).
    Removing dt5m8x_it.o(i.Low_Voltage_Int_Handler), (2 bytes).
    Removing dt5m8x_it.o(i.USB_Int_Handler), (2 bytes).
    Removing dt5m8x_it.o(i.Uart_Int_Handler), (2 bytes).
    Removing main.o(.rev16_text), (4 bytes).
    Removing main.o(.revsh_text), (4 bytes).
    Removing startup_dt5m8x.o(HEAP), (1536 bytes).
    Removing system_dt5m8x.o(.rev16_text), (4 bytes).
    Removing system_dt5m8x.o(.revsh_text), (4 bytes).
    Removing system_dt5m8x.o(i.SysGet_HCLKFreq), (4 bytes).
    Removing system_dt5m8x.o(i.SysGet_PLLClockFreq), (4 bytes).
    Removing system_dt5m8x.o(i.SystemCoreClockUpdate), (2 bytes).
    Removing system_dt5m8x.o(.data), (8 bytes).
    Removing adc.o(.rev16_text), (4 bytes).
    Removing adc.o(.revsh_text), (4 bytes).
    Removing adc.o(i.ADC_DisableInt), (20 bytes).
    Removing adc.o(i.ADC_EnableInt), (20 bytes).
    Removing adc.o(i.ADC_Init_Usr), (92 bytes).
    Removing adc.o(i.ADC_measure), (76 bytes).
    Removing adc.o(i.switch_channel), (78 bytes).
    Removing audio.o(.rev16_text), (4 bytes).
    Removing audio.o(.revsh_text), (4 bytes).
    Removing audio.o(i.Sound_ClearInt), (10 bytes).
    Removing audio.o(i.Sound_DisableInt), (20 bytes).
    Removing audio.o(i.Sound_EnableInt), (20 bytes).
    Removing audio.o(i.Sound_GetFifoPointer), (12 bytes).
    Removing audio.o(i.Sound_GetInt), (12 bytes).
    Removing audio.o(i.Sound_StructInit), (72 bytes).
    Removing clk.o(.rev16_text), (4 bytes).
    Removing clk.o(.revsh_text), (4 bytes).
    Removing clk.o(i.CLK_Disable), (16 bytes).
    Removing clk.o(i.CLK_Enable), (16 bytes).
    Removing gpio.o(.rev16_text), (4 bytes).
    Removing gpio.o(.revsh_text), (4 bytes).
    Removing gpio.o(i.GPIO_ClearTriggerEdge), (56 bytes).
    Removing gpio.o(i.GPIO_DisableDebounce), (20 bytes).
    Removing gpio.o(i.GPIO_DisableTriggleInt), (28 bytes).
    Removing gpio.o(i.GPIO_DisableWakeUpInt), (10 bytes).
    Removing gpio.o(i.GPIO_DisableWakeup), (56 bytes).
    Removing gpio.o(i.GPIO_EnableDebounce), (20 bytes).
    Removing gpio.o(i.GPIO_EnableTriggleInt), (28 bytes).
    Removing gpio.o(i.GPIO_EnableWakeUpInt), (10 bytes).
    Removing gpio.o(i.GPIO_EnableWakeup), (56 bytes).
    Removing gpio.o(i.GPIO_GetIntStatus), (12 bytes).
    Removing gpio.o(i.GPIO_PUP_Disable), (16 bytes).
    Removing gpio.o(i.GPIO_PUP_Enable), (16 bytes).
    Removing gpio.o(i.GPIO_Pin_ReadBit), (20 bytes).
    Removing gpio.o(i.GPIO_Pins_Reset), (8 bytes).
    Removing gpio.o(i.GPIO_Pins_Set), (8 bytes).
    Removing gpio.o(i.GPIO_SetTriggerEdge), (56 bytes).
    Removing gpio.o(i.NVIC_DisableIRQ), (20 bytes).
    Removing gpio.o(i.NVIC_EnableIRQ), (20 bytes).
    Removing i2c.o(.rev16_text), (4 bytes).
    Removing i2c.o(.revsh_text), (4 bytes).
    Removing i2c.o(i.I2C_Check_Activity), (24 bytes).
    Removing i2c.o(i.I2C_Check_RX_FIFO_Empty), (24 bytes).
    Removing i2c.o(i.I2C_Check_RX_FIFO_Full), (24 bytes).
    Removing i2c.o(i.I2C_Check_RX_Full), (24 bytes).
    Removing i2c.o(i.I2C_Check_TX_FIFO_Empty), (24 bytes).
    Removing i2c.o(i.I2C_Check_TX_FIFO_Full), (24 bytes).
    Removing i2c.o(i.I2C_Check_TX_empty), (24 bytes).
    Removing i2c.o(i.I2C_ClearInt), (16 bytes).
    Removing i2c.o(i.I2C_Disable), (12 bytes).
    Removing i2c.o(i.I2C_DisableInt), (20 bytes).
    Removing i2c.o(i.I2C_Enable), (12 bytes).
    Removing i2c.o(i.I2C_EnableInt), (20 bytes).
    Removing i2c.o(i.I2C_Fill_TX_FIFO), (16 bytes).
    Removing i2c.o(i.I2C_GetIntFlag), (12 bytes).
    Removing i2c.o(i.I2C_GetTxAbort_flag), (12 bytes).
    Removing i2c.o(i.I2C_Get_FIFO_RX_Length), (12 bytes).
    Removing i2c.o(i.I2C_Get_FIFO_TX_Length), (12 bytes).
    Removing i2c.o(i.I2C_Get_RX_FIFO), (24 bytes).
    Removing i2c.o(i.I2C_Get_RX_FIFO_Level), (12 bytes).
    Removing i2c.o(i.I2C_Get_TX_FIFO_Level), (12 bytes).
    Removing i2c.o(i.I2C_Set_RX_FIFO_Level), (12 bytes).
    Removing i2c.o(i.I2C_Set_Read), (16 bytes).
    Removing i2c.o(i.I2C_Set_TX_FIFO_Level), (12 bytes).
    Removing i2c.o(i.I2C_StructInit), (336 bytes).
    Removing pwm.o(.rev16_text), (4 bytes).
    Removing pwm.o(.revsh_text), (4 bytes).
    Removing pwm.o(i.PWM_Change_Duty_cycle), (126 bytes).
    Removing pwm.o(i.PWM_Change_Freq), (62 bytes).
    Removing pwm.o(i.PWM_StructInit), (368 bytes).
    Removing rtc.o(.rev16_text), (4 bytes).
    Removing rtc.o(.revsh_text), (4 bytes).
    Removing rtc.o(i.RTC_ClearIntFlag), (40 bytes).
    Removing rtc.o(i.RTC_Disable), (28 bytes).
    Removing rtc.o(i.RTC_DisableInt), (44 bytes).
    Removing rtc.o(i.RTC_Enable), (28 bytes).
    Removing rtc.o(i.RTC_EnableInt), (44 bytes).
    Removing rtc.o(i.RTC_GetIntFlag), (24 bytes).
    Removing rtc.o(i.RTC_Get_CCVR), (24 bytes).
    Removing rtc.o(i.RTC_Get_CLR), (24 bytes).
    Removing rtc.o(i.RTC_Get_CMR), (24 bytes).
    Removing rtc.o(i.RTC_SetCLR), (20 bytes).
    Removing rtc.o(i.RTC_SetCMR), (20 bytes).
    Removing rtc.o(i.RTC_StructInit), (72 bytes).
    Removing rtc.o(i.delay), (14 bytes).
    Removing spi.o(.rev16_text), (4 bytes).
    Removing spi.o(.revsh_text), (4 bytes).
    Removing spi.o(i.SPI_IntFlag_clear), (12 bytes).
    Removing spi.o(i.SPI_ReadByte), (80 bytes).
    Removing spi.o(i.SPI_Status_Get), (12 bytes).
    Removing spi.o(i.SPI_StructInit), (220 bytes).
    Removing spi.o(i.SPI_WriteByte), (60 bytes).
    Removing timer.o(.rev16_text), (4 bytes).
    Removing timer.o(.revsh_text), (4 bytes).
    Removing timer.o(i.NVIC_DisableIRQ), (20 bytes).
    Removing timer.o(i.NVIC_EnableIRQ), (20 bytes).
    Removing timer.o(i.Timer1_Capture_disable), (10 bytes).
    Removing timer.o(i.Timer1_Capture_enalbe), (10 bytes).
    Removing timer.o(i.Timer1_Extclk_disable), (10 bytes).
    Removing timer.o(i.Timer1_Extclk_enalbe), (10 bytes).
    Removing timer.o(i.Timer_Disable), (10 bytes).
    Removing timer.o(i.Timer_DisableInt), (44 bytes).
    Removing timer.o(i.Timer_Enable), (10 bytes).
    Removing timer.o(i.Timer_EnableInt), (44 bytes).
    Removing timer.o(i.Timer_Get_CV), (6 bytes).
    Removing timer.o(i.Timer_SetLC), (4 bytes).
    Removing timer.o(i.Timer_StructInit), (70 bytes).
    Removing uart1.o(.rev16_text), (4 bytes).
    Removing uart1.o(.revsh_text), (4 bytes).
    Removing uart1.o(i.UART1_DisableInt), (36 bytes).
    Removing uart1.o(i.UART1_EnableInt), (36 bytes).
    Removing uart1.o(i.UART1_FIFO_Disable), (20 bytes).
    Removing uart1.o(i.UART1_FIFO_Enable), (20 bytes).
    Removing uart1.o(i.UART1_GetIntFlag), (60 bytes).
    Removing uart1.o(i.UART1_Read), (60 bytes).
    Removing uart1.o(i.UART1_Write), (60 bytes).
    Removing wdt.o(.rev16_text), (4 bytes).
    Removing wdt.o(.revsh_text), (4 bytes).
    Removing wdt.o(i.WDT_ClearIntFlag), (40 bytes).
    Removing wdt.o(i.WDT_Disable), (28 bytes).
    Removing wdt.o(i.WDT_DisableInt), (44 bytes).
    Removing wdt.o(i.WDT_Enable), (28 bytes).
    Removing wdt.o(i.WDT_EnableInt), (44 bytes).
    Removing wdt.o(i.WDT_GetIntFlag), (24 bytes).
    Removing wdt.o(i.WDT_Get_CCVR), (24 bytes).
    Removing wdt.o(i.WDT_Get_CLR), (24 bytes).
    Removing wdt.o(i.WDT_Get_CMR), (24 bytes).
    Removing wdt.o(i.WDT_Refesh), (20 bytes).
    Removing wdt.o(i.WDT_SetCLR), (20 bytes).
    Removing wdt.o(i.WDT_SetCMR), (20 bytes).
    Removing wdt.o(i.WDT_StructInit), (112 bytes).
    Removing wdt.o(i.delay), (14 bytes).
    Removing systick.o(.rev16_text), (4 bytes).
    Removing systick.o(.revsh_text), (4 bytes).
    Removing systick.o(i.NVIC_SetPriority), (120 bytes).
    Removing systick.o(i.SysTick1ms_Init), (56 bytes).
    Removing systick.o(i.SysTick_GetTick), (12 bytes).
    Removing systick.o(i.SysTick_RstTick), (12 bytes).
    Removing systick.o(i.Systick_Int_Handler), (16 bytes).
    Removing systick.o(.data), (4 bytes).
    Removing rcc.o(.rev16_text), (4 bytes).
    Removing rcc.o(.revsh_text), (4 bytes).
    Removing rcc.o(i.RCC_ADCClk_DeInt), (16 bytes).
    Removing rcc.o(i.RCC_ADCClk_Int), (18 bytes).
    Removing rcc.o(i.RCC_AHBClkConfig), (32 bytes).
    Removing rcc.o(i.RCC_APBUARTClkConfig), (32 bytes).
    Removing rcc.o(i.RCC_ClockSourceConfig), (56 bytes).
    Removing rcc.o(i.RCC_PWMClk_DeInt), (16 bytes).
    Removing rcc.o(i.RCC_PWMClk_Int), (18 bytes).
    Removing rcc.o(i.RCC_RTCClk_DeInt), (18 bytes).
    Removing rcc.o(i.RCC_RTCClk_Int), (18 bytes).
    Removing rcc.o(i.RCC_SPIClk_DeInt), (18 bytes).
    Removing rcc.o(i.RCC_SPIClk_Int), (20 bytes).
    Removing rcc.o(i.RCC_SoundClk_DeInt), (18 bytes).
    Removing rcc.o(i.RCC_SoundClk_Int), (20 bytes).
    Removing rcc.o(i.RCC_Timer1Clk_DeInt), (16 bytes).
    Removing rcc.o(i.RCC_Timer1Clk_Int), (18 bytes).
    Removing rcc.o(i.RCC_Timer2Clk_DeInt), (16 bytes).
    Removing rcc.o(i.RCC_Timer2Clk_Int), (18 bytes).
    Removing rcc.o(i.RCC_UartClk_DeInt), (18 bytes).
    Removing rcc.o(i.RCC_WDTClk_DeInt), (18 bytes).
    Removing rcc.o(i.RCC_WDTClk_Int), (18 bytes).
    Removing dadd.o(.text), (356 bytes).
    Removing dmul.o(.text), (208 bytes).
    Removing ddiv.o(.text), (240 bytes).
    Removing dfixul.o(.text), (64 bytes).
    Removing cdrcmple.o(.text), (40 bytes).
    Removing depilogue.o(.text), (190 bytes).
    Removing depilogue.o(i.__ARM_clz), (46 bytes).

186 unused section(s) (total 7512 bytes) removed from the image.

==============================================================================

Image Symbol Table

    Local Symbols

    Symbol Name                              Value     Ov Type        Size  Object(Section)

    RESET                                    0x00000000   Section      180  startup_dt5m8x.o(RESET)
    ../clib/microlib/division.c              0x00000000   Number         0  uidiv.o ABSOLUTE
    ../clib/microlib/division.c              0x00000000   Number         0  uldiv.o ABSOLUTE
    ../clib/microlib/init/entry.s            0x00000000   Number         0  entry8b.o ABSOLUTE
    ../clib/microlib/init/entry.s            0x00000000   Number         0  entry9b.o ABSOLUTE
    ../clib/microlib/init/entry.s            0x00000000   Number         0  entry9a.o ABSOLUTE
    ../clib/microlib/init/entry.s            0x00000000   Number         0  entry10b.o ABSOLUTE
    ../clib/microlib/init/entry.s            0x00000000   Number         0  entry8a.o ABSOLUTE
    ../clib/microlib/init/entry.s            0x00000000   Number         0  entry11a.o ABSOLUTE
    ../clib/microlib/init/entry.s            0x00000000   Number         0  entry7b.o ABSOLUTE
    ../clib/microlib/init/entry.s            0x00000000   Number         0  entry7a.o ABSOLUTE
    ../clib/microlib/init/entry.s            0x00000000   Number         0  entry5.o ABSOLUTE
    ../clib/microlib/init/entry.s            0x00000000   Number         0  entry2.o ABSOLUTE
    ../clib/microlib/init/entry.s            0x00000000   Number         0  entry.o ABSOLUTE
    ../clib/microlib/init/entry.s            0x00000000   Number         0  entry10a.o ABSOLUTE
    ../clib/microlib/init/entry.s            0x00000000   Number         0  entry11b.o ABSOLUTE
    ../clib/microlib/longlong.c              0x00000000   Number         0  llsshr.o ABSOLUTE
    ../clib/microlib/longlong.c              0x00000000   Number         0  llushr.o ABSOLUTE
    ../clib/microlib/longlong.c              0x00000000   Number         0  llshl.o ABSOLUTE
    ../clib/microlib/printf/printf.c         0x00000000   Number         0  printf4.o ABSOLUTE
    ../clib/microlib/printf/printf.c         0x00000000   Number         0  printfb.o ABSOLUTE
    ../clib/microlib/printf/printf.c         0x00000000   Number         0  printf8.o ABSOLUTE
    ../clib/microlib/printf/printf.c         0x00000000   Number         0  printf6.o ABSOLUTE
    ../clib/microlib/printf/printf.c         0x00000000   Number         0  printf5.o ABSOLUTE
    ../clib/microlib/printf/printf.c         0x00000000   Number         0  printfa.o ABSOLUTE
    ../clib/microlib/printf/printf.c         0x00000000   Number         0  printf0.o ABSOLUTE
    ../clib/microlib/printf/printf.c         0x00000000   Number         0  printf1.o ABSOLUTE
    ../clib/microlib/printf/printf.c         0x00000000   Number         0  printf7.o ABSOLUTE
    ../clib/microlib/printf/printf.c         0x00000000   Number         0  printf2.o ABSOLUTE
    ../clib/microlib/printf/printf.c         0x00000000   Number         0  printf3.o ABSOLUTE
    ../clib/microlib/printf/stubs.s          0x00000000   Number         0  stubs.o ABSOLUTE
    ../clib/microlib/stdio/streams.c         0x00000000   Number         0  stdout.o ABSOLUTE
    ../clib/microlib/string/memset.c         0x00000000   Number         0  memseta.o ABSOLUTE
    ../clib/microlib/stubs.s                 0x00000000   Number         0  iusefp.o ABSOLUTE
    ../fplib/microlib/fpadd.c                0x00000000   Number         0  dadd.o ABSOLUTE
    ../fplib/microlib/fpdiv.c                0x00000000   Number         0  ddiv.o ABSOLUTE
    ../fplib/microlib/fpdiv.c                0x00000000   Number         0  fdiv.o ABSOLUTE
    ../fplib/microlib/fpepilogue.c           0x00000000   Number         0  fepilogue.o ABSOLUTE
    ../fplib/microlib/fpepilogue.c           0x00000000   Number         0  depilogue.o ABSOLUTE
    ../fplib/microlib/fpfix.c                0x00000000   Number         0  dfixul.o ABSOLUTE
    ../fplib/microlib/fpfix.c                0x00000000   Number         0  ffixui.o ABSOLUTE
    ../fplib/microlib/fpflt.c                0x00000000   Number         0  ffltui.o ABSOLUTE
    ../fplib/microlib/fpmul.c                0x00000000   Number         0  dmul.o ABSOLUTE
    ../fplib/microlib/fpmul.c                0x00000000   Number         0  fmul.o ABSOLUTE
    ..\Library\StdPeriph_Driver\src\adc.c    0x00000000   Number         0  adc.o ABSOLUTE
    ..\Library\StdPeriph_Driver\src\audio.c  0x00000000   Number         0  audio.o ABSOLUTE
    ..\Library\StdPeriph_Driver\src\clk.c    0x00000000   Number         0  clk.o ABSOLUTE
    ..\Library\StdPeriph_Driver\src\gpio.c   0x00000000   Number         0  gpio.o ABSOLUTE
    ..\Library\StdPeriph_Driver\src\i2c.c    0x00000000   Number         0  i2c.o ABSOLUTE
    ..\Library\StdPeriph_Driver\src\pwm.c    0x00000000   Number         0  pwm.o ABSOLUTE
    ..\Library\StdPeriph_Driver\src\rcc.c    0x00000000   Number         0  rcc.o ABSOLUTE
    ..\Library\StdPeriph_Driver\src\rtc.c    0x00000000   Number         0  rtc.o ABSOLUTE
    ..\Library\StdPeriph_Driver\src\spi.c    0x00000000   Number         0  spi.o ABSOLUTE
    ..\Library\StdPeriph_Driver\src\systick.c 0x00000000   Number         0  systick.o ABSOLUTE
    ..\Library\StdPeriph_Driver\src\timer.c  0x00000000   Number         0  timer.o ABSOLUTE
    ..\Library\StdPeriph_Driver\src\uart1.c  0x00000000   Number         0  uart1.o ABSOLUTE
    ..\Library\StdPeriph_Driver\src\wdt.c    0x00000000   Number         0  wdt.o ABSOLUTE
    ..\\Library\\StdPeriph_Driver\\src\\adc.c 0x00000000   Number         0  adc.o ABSOLUTE
    ..\\Library\\StdPeriph_Driver\\src\\audio.c 0x00000000   Number         0  audio.o ABSOLUTE
    ..\\Library\\StdPeriph_Driver\\src\\clk.c 0x00000000   Number         0  clk.o ABSOLUTE
    ..\\Library\\StdPeriph_Driver\\src\\gpio.c 0x00000000   Number         0  gpio.o ABSOLUTE
    ..\\Library\\StdPeriph_Driver\\src\\i2c.c 0x00000000   Number         0  i2c.o ABSOLUTE
    ..\\Library\\StdPeriph_Driver\\src\\pwm.c 0x00000000   Number         0  pwm.o ABSOLUTE
    ..\\Library\\StdPeriph_Driver\\src\\rcc.c 0x00000000   Number         0  rcc.o ABSOLUTE
    ..\\Library\\StdPeriph_Driver\\src\\rtc.c 0x00000000   Number         0  rtc.o ABSOLUTE
    ..\\Library\\StdPeriph_Driver\\src\\spi.c 0x00000000   Number         0  spi.o ABSOLUTE
    ..\\Library\\StdPeriph_Driver\\src\\systick.c 0x00000000   Number         0  systick.o ABSOLUTE
    ..\\Library\\StdPeriph_Driver\\src\\timer.c 0x00000000   Number         0  timer.o ABSOLUTE
    ..\\Library\\StdPeriph_Driver\\src\\uart1.c 0x00000000   Number         0  uart1.o ABSOLUTE
    ..\\Library\\StdPeriph_Driver\\src\\wdt.c 0x00000000   Number         0  wdt.o ABSOLUTE
    ..\\usr\\src\\DT5M8x_it.c                0x00000000   Number         0  dt5m8x_it.o ABSOLUTE
    ..\\usr\\src\\main.c                     0x00000000   Number         0  main.o ABSOLUTE
    ..\\usr\\src\\system_DT5M8x.c            0x00000000   Number         0  system_dt5m8x.o ABSOLUTE
    ..\usr\src\DT5M8x_it.c                   0x00000000   Number         0  dt5m8x_it.o ABSOLUTE
    ..\usr\src\main.c                        0x00000000   Number         0  main.o ABSOLUTE
    ..\usr\src\startup_DT5M8x.s              0x00000000   Number         0  startup_dt5m8x.o ABSOLUTE
    ..\usr\src\system_DT5M8x.c               0x00000000   Number         0  system_dt5m8x.o ABSOLUTE
    cdrcmple.s                               0x00000000   Number         0  cdrcmple.o ABSOLUTE
    dc.s                                     0x00000000   Number         0  dc.o ABSOLUTE
    handlers.s                               0x00000000   Number         0  handlers.o ABSOLUTE
    init.s                                   0x00000000   Number         0  init.o ABSOLUTE
    .ARM.Collect$$$$00000000                 0x000000b4   Section        0  entry.o(.ARM.Collect$$$$00000000)
    .ARM.Collect$$$$00000001                 0x000000b4   Section        4  entry2.o(.ARM.Collect$$$$00000001)
    .ARM.Collect$$$$00000004                 0x000000b8   Section        4  entry5.o(.ARM.Collect$$$$00000004)
    .ARM.Collect$$$$00000008                 0x000000bc   Section        0  entry7b.o(.ARM.Collect$$$$00000008)
    .ARM.Collect$$$$0000000A                 0x000000bc   Section        0  entry8b.o(.ARM.Collect$$$$0000000A)
    .ARM.Collect$$$$0000000B                 0x000000bc   Section        8  entry9a.o(.ARM.Collect$$$$0000000B)
    .ARM.Collect$$$$0000000D                 0x000000c4   Section        0  entry10a.o(.ARM.Collect$$$$0000000D)
    .ARM.Collect$$$$0000000F                 0x000000c4   Section        0  entry11a.o(.ARM.Collect$$$$0000000F)
    .ARM.Collect$$$$00002712                 0x000000c4   Section        4  entry2.o(.ARM.Collect$$$$00002712)
    __lit__00000000                          0x000000c4   Data           4  entry2.o(.ARM.Collect$$$$00002712)
    .text                                    0x000000c8   Section       36  startup_dt5m8x.o(.text)
    .text                                    0x000000ec   Section        0  memseta.o(.text)
    .text                                    0x00000110   Section        0  fmul.o(.text)
    .text                                    0x0000018a   Section        0  fdiv.o(.text)
    .text                                    0x00000206   Section        0  ffltui.o(.text)
    .text                                    0x00000214   Section        0  ffixui.o(.text)
    .text                                    0x0000023c   Section        0  iusefp.o(.text)
    .text                                    0x0000023c   Section        0  fepilogue.o(.text)
    .text                                    0x000002c0   Section       36  init.o(.text)
    i.ADC_Fall_Int_Handler                   0x000002e4   Section        0  dt5m8x_it.o(i.ADC_Fall_Int_Handler)
    i.ADC_Int_Handler                        0x000002e6   Section        0  dt5m8x_it.o(i.ADC_Int_Handler)
    i.ADC_Rise_Int_Handler                   0x000002e8   Section        0  dt5m8x_it.o(i.ADC_Rise_Int_Handler)
    i.Delay_ms                               0x000002fc   Section        0  systick.o(i.Delay_ms)
    i.Delay_us                               0x0000030e   Section        0  systick.o(i.Delay_us)
    i.GPIO_Int_Handler                       0x0000032a   Section        0  dt5m8x_it.o(i.GPIO_Int_Handler)
    i.GPIO_StructInit                        0x0000032c   Section        0  gpio.o(i.GPIO_StructInit)
    i.GPIO_WakeUp_Int_Handler                0x00000450   Section        0  dt5m8x_it.o(i.GPIO_WakeUp_Int_Handler)
    i.I2C_Int_Handler                        0x00000452   Section        0  dt5m8x_it.o(i.I2C_Int_Handler)
    i.RCC_UartClk_Int                        0x00000454   Section        0  rcc.o(i.RCC_UartClk_Int)
    i.RTC_Int_Handler                        0x00000466   Section        0  dt5m8x_it.o(i.RTC_Int_Handler)
    i.SPI_Int_Handler                        0x00000468   Section        0  dt5m8x_it.o(i.SPI_Int_Handler)
    i.Sound_Int_Handler                      0x0000046a   Section        0  dt5m8x_it.o(i.Sound_Int_Handler)
    i.SysTick_Handler                        0x0000046c   Section        0  dt5m8x_it.o(i.SysTick_Handler)
    i.SystemInit                             0x0000046e   Section        0  system_dt5m8x.o(i.SystemInit)
    i.Timer0_Int_Handler                     0x00000470   Section        0  dt5m8x_it.o(i.Timer0_Int_Handler)
    i.Timer1_Int_Handler                     0x00000488   Section        0  dt5m8x_it.o(i.Timer1_Int_Handler)
    i.Timer_ClearIntFlag                     0x000004a0   Section        0  timer.o(i.Timer_ClearIntFlag)
    i.Timer_GetIntFlag                       0x000004a8   Section        0  timer.o(i.Timer_GetIntFlag)
    i.UART1_Init_Usr                         0x000004b0   Section        0  main.o(i.UART1_Init_Usr)
    i.UART1_StructInit                       0x00000514   Section        0  uart1.o(i.UART1_StructInit)
    i.WDT_Int_Handler                        0x000005c8   Section        0  dt5m8x_it.o(i.WDT_Int_Handler)
    i.__0printf$2                            0x000005cc   Section        0  printf2.o(i.__0printf$2)
    i.__scatterload_copy                     0x000005ec   Section       14  handlers.o(i.__scatterload_copy)
    i.__scatterload_null                     0x000005fa   Section        2  handlers.o(i.__scatterload_null)
    i.__scatterload_zeroinit                 0x000005fc   Section       14  handlers.o(i.__scatterload_zeroinit)
    i._printf_core                           0x0000060a   Section        0  printf2.o(i._printf_core)
    _printf_core                             0x0000060b   Thumb Code   210  printf2.o(i._printf_core)
    i.fputc                                  0x000006dc   Section        0  uart1.o(i.fputc)
    i.main                                   0x000006f8   Section        0  main.o(i.main)
    .data                                    0x03000000   Section        8  adc.o(.data)
    .data                                    0x03000008   Section        4  stdout.o(.data)
    STACK                                    0x03000010   Section     1536  startup_dt5m8x.o(STACK)

    Global Symbols

    Symbol Name                              Value     Ov Type        Size  Object(Section)

    BuildAttributes$$THM_ISAv3M$S$PE$A:L22$X:L11$S22$IEEE1$IW$USESV6$~STKCKD$USESV7$~SHL$OTIME$ROPI$EBA8$MICROLIB$REQ8$PRES8$EABIv2 0x00000000   Number         0  anon$$obj.o ABSOLUTE
    __ARM_use_no_argv                        0x00000000   Number         0  main.o ABSOLUTE
    __Vectors                                0x00000000   Data           4  startup_dt5m8x.o(RESET)
    _printf_a                                0x00000000   Number         0  stubs.o ABSOLUTE
    _printf_c                                0x00000000   Number         0  stubs.o ABSOLUTE
    _printf_charcount                        0x00000000   Number         0  stubs.o ABSOLUTE
    _printf_d                                0x00000000   Number         0  stubs.o ABSOLUTE
    _printf_e                                0x00000000   Number         0  stubs.o ABSOLUTE
    _printf_f                                0x00000000   Number         0  stubs.o ABSOLUTE
    _printf_flags                            0x00000000   Number         0  stubs.o ABSOLUTE
    _printf_fp_dec                           0x00000000   Number         0  stubs.o ABSOLUTE
    _printf_fp_hex                           0x00000000   Number         0  stubs.o ABSOLUTE
    _printf_g                                0x00000000   Number         0  stubs.o ABSOLUTE
    _printf_i                                0x00000000   Number         0  stubs.o ABSOLUTE
    _printf_int_dec                          0x00000000   Number         0  stubs.o ABSOLUTE
    _printf_l                                0x00000000   Number         0  stubs.o ABSOLUTE
    _printf_lc                               0x00000000   Number         0  stubs.o ABSOLUTE
    _printf_ll                               0x00000000   Number         0  stubs.o ABSOLUTE
    _printf_lld                              0x00000000   Number         0  stubs.o ABSOLUTE
    _printf_lli                              0x00000000   Number         0  stubs.o ABSOLUTE
    _printf_llo                              0x00000000   Number         0  stubs.o ABSOLUTE
    _printf_llu                              0x00000000   Number         0  stubs.o ABSOLUTE
    _printf_llx                              0x00000000   Number         0  stubs.o ABSOLUTE
    _printf_longlong_dec                     0x00000000   Number         0  stubs.o ABSOLUTE
    _printf_longlong_hex                     0x00000000   Number         0  stubs.o ABSOLUTE
    _printf_longlong_oct                     0x00000000   Number         0  stubs.o ABSOLUTE
    _printf_ls                               0x00000000   Number         0  stubs.o ABSOLUTE
    _printf_mbtowc                           0x00000000   Number         0  stubs.o ABSOLUTE
    _printf_n                                0x00000000   Number         0  stubs.o ABSOLUTE
    _printf_o                                0x00000000   Number         0  stubs.o ABSOLUTE
    _printf_p                                0x00000000   Number         0  stubs.o ABSOLUTE
    _printf_percent                          0x00000000   Number         0  stubs.o ABSOLUTE
    _printf_pre_padding                      0x00000000   Number         0  stubs.o ABSOLUTE
    _printf_return_value                     0x00000000   Number         0  stubs.o ABSOLUTE
    _printf_s                                0x00000000   Number         0  stubs.o ABSOLUTE
    _printf_sizespec                         0x00000000   Number         0  stubs.o ABSOLUTE
    _printf_str                              0x00000000   Number         0  stubs.o ABSOLUTE
    _printf_truncate_signed                  0x00000000   Number         0  stubs.o ABSOLUTE
    _printf_truncate_unsigned                0x00000000   Number         0  stubs.o ABSOLUTE
    _printf_u                                0x00000000   Number         0  stubs.o ABSOLUTE
    _printf_wc                               0x00000000   Number         0  stubs.o ABSOLUTE
    _printf_wctomb                           0x00000000   Number         0  stubs.o ABSOLUTE
    _printf_widthprec                        0x00000000   Number         0  stubs.o ABSOLUTE
    _printf_x                                0x00000000   Number         0  stubs.o ABSOLUTE
    __cpp_initialize__aeabi_                  - Undefined Weak Reference
    __cxa_finalize                            - Undefined Weak Reference
    __decompress                              - Undefined Weak Reference
    _clock_init                               - Undefined Weak Reference
    _microlib_exit                            - Undefined Weak Reference
    __main                                   0x000000b5   Thumb Code     0  entry.o(.ARM.Collect$$$$00000000)
    _main_stk                                0x000000b5   Thumb Code     0  entry2.o(.ARM.Collect$$$$00000001)
    _main_scatterload                        0x000000b9   Thumb Code     0  entry5.o(.ARM.Collect$$$$00000004)
    __main_after_scatterload                 0x000000bd   Thumb Code     0  entry5.o(.ARM.Collect$$$$00000004)
    _main_clock                              0x000000bd   Thumb Code     0  entry7b.o(.ARM.Collect$$$$00000008)
    _main_cpp_init                           0x000000bd   Thumb Code     0  entry8b.o(.ARM.Collect$$$$0000000A)
    _main_init                               0x000000bd   Thumb Code     0  entry9a.o(.ARM.Collect$$$$0000000B)
    __rt_final_cpp                           0x000000c5   Thumb Code     0  entry10a.o(.ARM.Collect$$$$0000000D)
    __rt_final_exit                          0x000000c5   Thumb Code     0  entry11a.o(.ARM.Collect$$$$0000000F)
    Reset_Handler                            0x000000c9   Thumb Code    16  startup_dt5m8x.o(.text)
    NMI_Handler                              0x000000d9   Thumb Code     2  startup_dt5m8x.o(.text)
    HardFault_Handler                        0x000000db   Thumb Code     2  startup_dt5m8x.o(.text)
    SVC_Handler                              0x000000dd   Thumb Code     2  startup_dt5m8x.o(.text)
    PendSV_Handler                           0x000000df   Thumb Code     2  startup_dt5m8x.o(.text)
    BOD_Int_Handler                          0x000000e3   Thumb Code     0  startup_dt5m8x.o(.text)
    CMP_HIGH_Int_Handler                     0x000000e3   Thumb Code     0  startup_dt5m8x.o(.text)
    CMP_LOW_Int_Handler                      0x000000e3   Thumb Code     0  startup_dt5m8x.o(.text)
    I2C_TX_EMPTY_Int_Handler                 0x000000e3   Thumb Code     0  startup_dt5m8x.o(.text)
    I2C_rx_full_Int_Handler                  0x000000e3   Thumb Code     0  startup_dt5m8x.o(.text)
    Uart0_Int_Handler                        0x000000e3   Thumb Code     0  startup_dt5m8x.o(.text)
    Uart1_Int_Handler                        0x000000e3   Thumb Code     0  startup_dt5m8x.o(.text)
    __aeabi_memset                           0x000000ed   Thumb Code    14  memseta.o(.text)
    __aeabi_memset4                          0x000000ed   Thumb Code     0  memseta.o(.text)
    __aeabi_memset8                          0x000000ed   Thumb Code     0  memseta.o(.text)
    __aeabi_memclr                           0x000000fb   Thumb Code     4  memseta.o(.text)
    __aeabi_memclr4                          0x000000fb   Thumb Code     0  memseta.o(.text)
    __aeabi_memclr8                          0x000000fb   Thumb Code     0  memseta.o(.text)
    _memset$wrapper                          0x000000ff   Thumb Code    18  memseta.o(.text)
    __aeabi_fmul                             0x00000111   Thumb Code   122  fmul.o(.text)
    __aeabi_fdiv                             0x0000018b   Thumb Code   124  fdiv.o(.text)
    __aeabi_ui2f                             0x00000207   Thumb Code    14  ffltui.o(.text)
    __aeabi_f2uiz                            0x00000215   Thumb Code    40  ffixui.o(.text)
    __I$use$fp                               0x0000023d   Thumb Code     0  iusefp.o(.text)
    _float_round                             0x0000023d   Thumb Code    16  fepilogue.o(.text)
    _float_epilogue                          0x0000024d   Thumb Code   114  fepilogue.o(.text)
    __scatterload                            0x000002c1   Thumb Code    28  init.o(.text)
    __scatterload_rt2                        0x000002c1   Thumb Code     0  init.o(.text)
    ADC_Fall_Int_Handler                     0x000002e5   Thumb Code     2  dt5m8x_it.o(i.ADC_Fall_Int_Handler)
    ADC_Int_Handler                          0x000002e7   Thumb Code     2  dt5m8x_it.o(i.ADC_Int_Handler)
    ADC_Rise_Int_Handler                     0x000002e9   Thumb Code    16  dt5m8x_it.o(i.ADC_Rise_Int_Handler)
    Delay_ms                                 0x000002fd   Thumb Code    18  systick.o(i.Delay_ms)
    Delay_us                                 0x0000030f   Thumb Code    28  systick.o(i.Delay_us)
    GPIO_Int_Handler                         0x0000032b   Thumb Code     2  dt5m8x_it.o(i.GPIO_Int_Handler)
    GPIO_StructInit                          0x0000032d   Thumb Code   286  gpio.o(i.GPIO_StructInit)
    GPIO_WakeUp_Int_Handler                  0x00000451   Thumb Code     2  dt5m8x_it.o(i.GPIO_WakeUp_Int_Handler)
    I2C_Int_Handler                          0x00000453   Thumb Code     2  dt5m8x_it.o(i.I2C_Int_Handler)
    RCC_UartClk_Int                          0x00000455   Thumb Code    18  rcc.o(i.RCC_UartClk_Int)
    RTC_Int_Handler                          0x00000467   Thumb Code     2  dt5m8x_it.o(i.RTC_Int_Handler)
    SPI_Int_Handler                          0x00000469   Thumb Code     2  dt5m8x_it.o(i.SPI_Int_Handler)
    Sound_Int_Handler                        0x0000046b   Thumb Code     2  dt5m8x_it.o(i.Sound_Int_Handler)
    SysTick_Handler                          0x0000046d   Thumb Code     2  dt5m8x_it.o(i.SysTick_Handler)
    SystemInit                               0x0000046f   Thumb Code     2  system_dt5m8x.o(i.SystemInit)
    Timer0_Int_Handler                       0x00000471   Thumb Code    20  dt5m8x_it.o(i.Timer0_Int_Handler)
    Timer1_Int_Handler                       0x00000489   Thumb Code    20  dt5m8x_it.o(i.Timer1_Int_Handler)
    Timer_ClearIntFlag                       0x000004a1   Thumb Code     8  timer.o(i.Timer_ClearIntFlag)
    Timer_GetIntFlag                         0x000004a9   Thumb Code     8  timer.o(i.Timer_GetIntFlag)
    UART1_Init_Usr                           0x000004b1   Thumb Code    96  main.o(i.UART1_Init_Usr)
    UART1_StructInit                         0x00000515   Thumb Code   162  uart1.o(i.UART1_StructInit)
    WDT_Int_Handler                          0x000005c9   Thumb Code     2  dt5m8x_it.o(i.WDT_Int_Handler)
    __0printf$2                              0x000005cd   Thumb Code    24  printf2.o(i.__0printf$2)
    __1printf$2                              0x000005cd   Thumb Code     0  printf2.o(i.__0printf$2)
    __2printf                                0x000005cd   Thumb Code     0  printf2.o(i.__0printf$2)
    __scatterload_copy                       0x000005ed   Thumb Code    14  handlers.o(i.__scatterload_copy)
    __scatterload_null                       0x000005fb   Thumb Code     2  handlers.o(i.__scatterload_null)
    __scatterload_zeroinit                   0x000005fd   Thumb Code    14  handlers.o(i.__scatterload_zeroinit)
    fputc                                    0x000006dd   Thumb Code    22  uart1.o(i.fputc)
    main                                     0x000006f9   Thumb Code    22  main.o(i.main)
    Region$$Table$$Base                      0x0000071c   Number         0  anon$$obj.o(Region$$Table)
    Region$$Table$$Limit                     0x0000073c   Number         0  anon$$obj.o(Region$$Table)
    Flag1                                    0x03000000   Data           1  adc.o(.data)
    adc_done                                 0x03000004   Data           4  adc.o(.data)
    __stdout                                 0x03000008   Data           4  stdout.o(.data)
    __initial_sp                             0x03000610   Data           0  startup_dt5m8x.o(STACK)



==============================================================================

Memory Map of the image

  Image Entry point : 0x000000b5

  Load Region LR_IROM1 (Base: 0x00000000, Size: 0x00000748, Max: 0x00010000, ABSOLUTE)

    Execution Region ER_IROM1 (Exec base: 0x00000000, Load base: 0x00000000, Size: 0x0000073c, Max: 0x00010000, ABSOLUTE)

    Exec Addr    Load Addr    Size         Type   Attr      Idx    E Section Name        Object

    0x00000000   0x00000000   0x000000b4   Data   RO          225    RESET               startup_dt5m8x.o
    0x000000b4   0x000000b4   0x00000000   Code   RO         1322  * .ARM.Collect$$$$00000000  mc_p.l(entry.o)
    0x000000b4   0x000000b4   0x00000004   Code   RO         1596    .ARM.Collect$$$$00000001  mc_p.l(entry2.o)
    0x000000b8   0x000000b8   0x00000004   Code   RO         1599    .ARM.Collect$$$$00000004  mc_p.l(entry5.o)
    0x000000bc   0x000000bc   0x00000000   Code   RO         1601    .ARM.Collect$$$$00000008  mc_p.l(entry7b.o)
    0x000000bc   0x000000bc   0x00000000   Code   RO         1603    .ARM.Collect$$$$0000000A  mc_p.l(entry8b.o)
    0x000000bc   0x000000bc   0x00000008   Code   RO         1604    .ARM.Collect$$$$0000000B  mc_p.l(entry9a.o)
    0x000000c4   0x000000c4   0x00000000   Code   RO         1606    .ARM.Collect$$$$0000000D  mc_p.l(entry10a.o)
    0x000000c4   0x000000c4   0x00000000   Code   RO         1608    .ARM.Collect$$$$0000000F  mc_p.l(entry11a.o)
    0x000000c4   0x000000c4   0x00000004   Code   RO         1597    .ARM.Collect$$$$00002712  mc_p.l(entry2.o)
    0x000000c8   0x000000c8   0x00000024   Code   RO          226    .text               startup_dt5m8x.o
    0x000000ec   0x000000ec   0x00000024   Code   RO         1325    .text               mc_p.l(memseta.o)
    0x00000110   0x00000110   0x0000007a   Code   RO         1588    .text               mf_p.l(fmul.o)
    0x0000018a   0x0000018a   0x0000007c   Code   RO         1590    .text               mf_p.l(fdiv.o)
    0x00000206   0x00000206   0x0000000e   Code   RO         1592    .text               mf_p.l(ffltui.o)
    0x00000214   0x00000214   0x00000028   Code   RO         1594    .text               mf_p.l(ffixui.o)
    0x0000023c   0x0000023c   0x00000000   Code   RO         1615    .text               mc_p.l(iusefp.o)
    0x0000023c   0x0000023c   0x00000082   Code   RO         1616    .text               mf_p.l(fepilogue.o)
    0x000002be   0x000002be   0x00000002   PAD
    0x000002c0   0x000002c0   0x00000024   Code   RO         1628    .text               mc_p.l(init.o)
    0x000002e4   0x000002e4   0x00000002   Code   RO            3    i.ADC_Fall_Int_Handler  dt5m8x_it.o
    0x000002e6   0x000002e6   0x00000002   Code   RO            4    i.ADC_Int_Handler   dt5m8x_it.o
    0x000002e8   0x000002e8   0x00000014   Code   RO            5    i.ADC_Rise_Int_Handler  dt5m8x_it.o
    0x000002fc   0x000002fc   0x00000012   Code   RO         1123    i.Delay_ms          systick.o
    0x0000030e   0x0000030e   0x0000001c   Code   RO         1124    i.Delay_us          systick.o
    0x0000032a   0x0000032a   0x00000002   Code   RO            6    i.GPIO_Int_Handler  dt5m8x_it.o
    0x0000032c   0x0000032c   0x00000124   Code   RO          421    i.GPIO_StructInit   gpio.o
    0x00000450   0x00000450   0x00000002   Code   RO            7    i.GPIO_WakeUp_Int_Handler  dt5m8x_it.o
    0x00000452   0x00000452   0x00000002   Code   RO            8    i.I2C_Int_Handler   dt5m8x_it.o
    0x00000454   0x00000454   0x00000012   Code   RO         1202    i.RCC_UartClk_Int   rcc.o
    0x00000466   0x00000466   0x00000002   Code   RO           13    i.RTC_Int_Handler   dt5m8x_it.o
    0x00000468   0x00000468   0x00000002   Code   RO           14    i.SPI_Int_Handler   dt5m8x_it.o
    0x0000046a   0x0000046a   0x00000002   Code   RO           15    i.Sound_Int_Handler  dt5m8x_it.o
    0x0000046c   0x0000046c   0x00000002   Code   RO           16    i.SysTick_Handler   dt5m8x_it.o
    0x0000046e   0x0000046e   0x00000002   Code   RO          235    i.SystemInit        system_dt5m8x.o
    0x00000470   0x00000470   0x00000018   Code   RO           17    i.Timer0_Int_Handler  dt5m8x_it.o
    0x00000488   0x00000488   0x00000018   Code   RO           18    i.Timer1_Int_Handler  dt5m8x_it.o
    0x000004a0   0x000004a0   0x00000008   Code   RO          862    i.Timer_ClearIntFlag  timer.o
    0x000004a8   0x000004a8   0x00000008   Code   RO          867    i.Timer_GetIntFlag  timer.o
    0x000004b0   0x000004b0   0x00000064   Code   RO          199    i.UART1_Init_Usr    main.o
    0x00000514   0x00000514   0x000000b4   Code   RO          964    i.UART1_StructInit  uart1.o
    0x000005c8   0x000005c8   0x00000002   Code   RO           21    i.WDT_Int_Handler   dt5m8x_it.o
    0x000005ca   0x000005ca   0x00000002   PAD
    0x000005cc   0x000005cc   0x00000020   Code   RO         1394    i.__0printf$2       mc_p.l(printf2.o)
    0x000005ec   0x000005ec   0x0000000e   Code   RO         1642    i.__scatterload_copy  mc_p.l(handlers.o)
    0x000005fa   0x000005fa   0x00000002   Code   RO         1643    i.__scatterload_null  mc_p.l(handlers.o)
    0x000005fc   0x000005fc   0x0000000e   Code   RO         1644    i.__scatterload_zeroinit  mc_p.l(handlers.o)
    0x0000060a   0x0000060a   0x000000d2   Code   RO         1401    i._printf_core      mc_p.l(printf2.o)
    0x000006dc   0x000006dc   0x0000001c   Code   RO          966    i.fputc             uart1.o
    0x000006f8   0x000006f8   0x00000024   Code   RO          200    i.main              main.o
    0x0000071c   0x0000071c   0x00000020   Data   RO         1640    Region$$Table       anon$$obj.o


    Execution Region RW_IRAM1 (Exec base: 0x03000000, Load base: 0x0000073c, Size: 0x00000610, Max: 0x00002000, ABSOLUTE)

    Exec Addr    Load Addr    Size         Type   Attr      Idx    E Section Name        Object

    0x03000000   0x0000073c   0x00000008   Data   RW          281    .data               adc.o
    0x03000008   0x00000744   0x00000004   Data   RW         1610    .data               mc_p.l(stdout.o)
    0x0300000c   0x00000748   0x00000004   PAD
    0x03000010        -       0x00000600   Zero   RW          223    STACK               startup_dt5m8x.o


==============================================================================

Image component sizes


      Code (inc. data)   RO Data    RW Data    ZI Data      Debug   Object Name

         0          0          0          8          0        277   adc.o
        88         12          0          0          0      33116   dt5m8x_it.o
       292          6          0          0          0       1134   gpio.o
       136         18          0          0          0       1004   main.o
        18          0          0          0          0        458   rcc.o
        36          8        180          0       1536        620   startup_dt5m8x.o
         2          0          0          0          0        421   system_dt5m8x.o
        46          0          0          0          0       1046   systick.o
        16          0          0          0          0       1400   timer.o
       208         24          0          0          0       1539   uart1.o

    ----------------------------------------------------------------------
       844         68        212          8       1536      41015   Object Totals
         0          0         32          0          0          0   (incl. Generated)
         2          0          0          0          0          0   (incl. Padding)

    ----------------------------------------------------------------------

      Code (inc. data)   RO Data    RW Data    ZI Data      Debug   Library Member Name

         0          0          0          0          0          0   entry.o
         0          0          0          0          0          0   entry10a.o
         0          0          0          0          0          0   entry11a.o
         8          4          0          0          0          0   entry2.o
         4          0          0          0          0          0   entry5.o
         0          0          0          0          0          0   entry7b.o
         0          0          0          0          0          0   entry8b.o
         8          4          0          0          0          0   entry9a.o
        30          0          0          0          0          0   handlers.o
        36          8          0          0          0         68   init.o
         0          0          0          0          0          0   iusefp.o
        36          0          0          0          0        100   memseta.o
       242          8          0          0          0        168   printf2.o
         0          0          0          4          0          0   stdout.o
       124          0          0          0          0         72   fdiv.o
       130          0          0          0          0        144   fepilogue.o
        40          0          0          0          0         60   ffixui.o
        14          0          0          0          0         68   ffltui.o
       122          0          0          0          0         72   fmul.o

    ----------------------------------------------------------------------
       796         24          0          4          4        752   Library Totals
         2          0          0          0          4          0   (incl. Padding)

    ----------------------------------------------------------------------

      Code (inc. data)   RO Data    RW Data    ZI Data      Debug   Library Name

       364         24          0          4          0        336   mc_p.l
       430          0          0          0          0        416   mf_p.l

    ----------------------------------------------------------------------
       796         24          0          4          4        752   Library Totals

    ----------------------------------------------------------------------

==============================================================================


      Code (inc. data)   RO Data    RW Data    ZI Data      Debug   

      1640         92        212         12       1540      40731   Grand Totals
      1640         92        212         12       1540      40731   ELF Image Totals
      1640         92        212         12          0          0   ROM Totals

==============================================================================

    Total RO  Size (Code + RO Data)                 1852 (   1.81kB)
    Total RW  Size (RW Data + ZI Data)              1552 (   1.52kB)
    Total ROM Size (Code + RO Data + RW Data)       1864 (   1.82kB)

==============================================================================

