Component: ARM Compiler 5.06 update 7 (build 960) Tool: armlink [4d3601]

==============================================================================

Section Cross References

    main.o(i.Audio_GPIO_Init) refers to dt5m1x26_gpio.o(i.GPIO_StructInit) for GPIO_StructInit
    main.o(i.Audio_GPIO_Init) refers to dt5m1x26_gpio.o(i.GPIO_Pins_Set) for GPIO_Pins_Set
    main.o(i.PlayAudio_Init) refers to dt5m1x26_rcc.o(i.RCC_SoundClk_Int) for RCC_SoundClk_Int
    main.o(i.PlayAudio_Init) refers to dt5m1x26_audio.o(i.Sound_StructInit) for Sound_StructInit
    main.o(i.PlayAudio_Init) refers to main.o(i.Sound_Fill_FIFO0) for Sound_Fill_FIFO0
    main.o(i.PlayAudio_Init) refers to main.o(i.Sound_Fill_FIFO1) for Sound_Fill_FIFO1
    main.o(i.PlayAudio_Init) refers to dt5m1x26_audio.o(i.Sound_EnableInt) for Sound_EnableInt
    main.o(i.Sound_Int_Usr_Handler) refers to dt5m1x26_audio.o(i.Sound_GetInt) for Sound_GetInt
    main.o(i.Sound_Int_Usr_Handler) refers to dt5m1x26_audio.o(i.Sound_ClearInt) for Sound_ClearInt
    main.o(i.Sound_Int_Usr_Handler) refers to dt5m1x26_audio.o(i.Sound_GetFifoPointer) for Sound_GetFifoPointer
    main.o(i.Sound_Int_Usr_Handler) refers to main.o(i.Sound_Fill_FIFO1) for Sound_Fill_FIFO1
    main.o(i.Sound_Int_Usr_Handler) refers to main.o(i.Sound_Fill_FIFO0) for Sound_Fill_FIFO0
    main.o(i.Sound_Int_Usr_Handler) refers to main.o(.data) for rd
    main.o(i.Sound_Int_Usr_Handler) refers to main.o(.constdata) for code_bjkjg_pcm
    main.o(i.main) refers to main.o(i.Audio_GPIO_Init) for Audio_GPIO_Init
    main.o(i.main) refers to main.o(i.PlayAudio_Init) for PlayAudio_Init
    main.o(i.main) refers to main.o(i.playAudio_Stop) for playAudio_Stop
    main.o(i.main) refers to main.o(.data) for play_times
    main.o(i.playAudio_Stop) refers to main.o(i.Sound_Fill_FIFO0) for Sound_Fill_FIFO0
    main.o(i.playAudio_Stop) refers to main.o(i.Sound_Fill_FIFO1) for Sound_Fill_FIFO1
    main.o(i.playAudio_Stop) refers to dt5m1x26_audio.o(i.Sound_DisableInt) for Sound_DisableInt
    dt5m1x26_it.o(i.Sound_Int_Handler) refers to main.o(i.Sound_Int_Usr_Handler) for Sound_Int_Usr_Handler
    dt5m1x26_it.o(i.Timer0_Int_Handler) refers to dt5m1x26_timer.o(i.Timer_GetIntFlag) for Timer_GetIntFlag
    dt5m1x26_it.o(i.Timer0_Int_Handler) refers to dt5m1x26_timer.o(i.Timer_ClearIntFlag) for Timer_ClearIntFlag
    dt5m1x26_it.o(i.Timer1_Int_Handler) refers to dt5m1x26_timer.o(i.Timer_GetIntFlag) for Timer_GetIntFlag
    dt5m1x26_it.o(i.Timer1_Int_Handler) refers to dt5m1x26_timer.o(i.Timer_ClearIntFlag) for Timer_ClearIntFlag
    startup_dt5m1x26.o(STACK) refers (Special) to system_dt5m1x26.o(i.SystemInit) for SystemInit
    startup_dt5m1x26.o(HEAP) refers (Special) to system_dt5m1x26.o(i.SystemInit) for SystemInit
    startup_dt5m1x26.o(RESET) refers (Special) to system_dt5m1x26.o(i.SystemInit) for SystemInit
    startup_dt5m1x26.o(RESET) refers to startup_dt5m1x26.o(STACK) for __initial_sp
    startup_dt5m1x26.o(RESET) refers to startup_dt5m1x26.o(.text) for Reset_Handler
    startup_dt5m1x26.o(RESET) refers to dt5m1x26_it.o(i.SysTick_Handler) for SysTick_Handler
    startup_dt5m1x26.o(RESET) refers to dt5m1x26_it.o(i.WDT_Int_Handler) for WDT_Int_Handler
    startup_dt5m1x26.o(RESET) refers to dt5m1x26_it.o(i.Timer0_Int_Handler) for Timer0_Int_Handler
    startup_dt5m1x26.o(RESET) refers to dt5m1x26_it.o(i.Timer1_Int_Handler) for Timer1_Int_Handler
    startup_dt5m1x26.o(RESET) refers to dt5m1x26_it.o(i.GPIO_Int_Handler) for GPIO_Int_Handler
    startup_dt5m1x26.o(RESET) refers to dt5m1x26_it.o(i.GPIO_WakeUp_Int_Handler) for GPIO_WakeUp_Int_Handler
    startup_dt5m1x26.o(RESET) refers to dt5m1x26_it.o(i.Sound_Int_Handler) for Sound_Int_Handler
    startup_dt5m1x26.o(RESET) refers to dt5m1x26_it.o(i.SPI_Int_Handler) for SPI_Int_Handler
    startup_dt5m1x26.o(RESET) refers to dt5m1x26_it.o(i.I2C_Int_Handler) for I2C_Int_Handler
    startup_dt5m1x26.o(RESET) refers to dt5m1x26_it.o(i.RTC_Int_Handler) for RTC_Int_Handler
    startup_dt5m1x26.o(RESET) refers to dt5m1x26_it.o(i.ADC_Int_Handler) for ADC_Int_Handler
    startup_dt5m1x26.o(RESET) refers to dt5m1x26_it.o(i.ADC_Fall_Int_Handler) for ADC_Fall_Int_Handler
    startup_dt5m1x26.o(RESET) refers to dt5m1x26_it.o(i.ADC_Rise_Int_Handler) for ADC_Rise_Int_Handler
    startup_dt5m1x26.o(.text) refers (Special) to system_dt5m1x26.o(i.SystemInit) for SystemInit
    startup_dt5m1x26.o(.text) refers to entry.o(.ARM.Collect$$$$00000000) for __main
    dt5m1x26_adc.o(i.ADC_Start) refers to dt5m1x26_adc.o(i.ADC_Active_Enable) for ADC_Active_Enable
    dt5m1x26_adc.o(i.ADC_Stop) refers to dt5m1x26_adc.o(i.ADC_Active_Disable) for ADC_Active_Disable
    dt5m1x26_adc.o(i.ADC_StructDeInit) refers to dt5m1x26_adc.o(i.ADC_Stop) for ADC_Stop
    dt5m1x26_adc.o(i.ADC_StructDeInit) refers to dt5m1x26_adc.o(i.ADC_Channel_GPIO_Set) for ADC_Channel_GPIO_Set
    dt5m1x26_adc.o(i.ADC_StructDeInit) refers to dt5m1x26_adc.o(i.ADC_Power_Down_Enable) for ADC_Power_Down_Enable
    dt5m1x26_adc.o(i.ADC_StructInit) refers to dt5m1x26_rcc.o(i.RCC_ADCClk_Int) for RCC_ADCClk_Int
    dt5m1x26_adc.o(i.ADC_StructInit) refers to dt5m1x26_adc.o(i.ADC_Channel_GPIO_Set) for ADC_Channel_GPIO_Set
    dt5m1x26_adc.o(i.ADC_StructInit) refers to dt5m1x26_adc.o(i.ADC_TC_Set) for ADC_TC_Set
    dt5m1x26_adc.o(i.ADC_StructInit) refers to dt5m1x26_adc.o(i.ADC_TS_Set) for ADC_TS_Set
    dt5m1x26_adc.o(i.ADC_StructInit) refers to dt5m1x26_adc.o(i.ADC_Stop) for ADC_Stop
    dt5m1x26_adc.o(i.ADC_StructInit) refers to dt5m1x26_adc.o(i.ADC_Reset_Disable) for ADC_Reset_Disable
    dt5m1x26_adc.o(i.ADC_StructInit) refers to dt5m1x26_adc.o(i.ADC_Power_Down_Disable) for ADC_Power_Down_Disable
    dt5m1x26_gpio.o(i.GPIO_DisableTriggleInt) refers to dt5m1x26_gpio.o(i.NVIC_DisableIRQ) for NVIC_DisableIRQ
    dt5m1x26_gpio.o(i.GPIO_DisableWakeUpInt) refers to dt5m1x26_gpio.o(i.NVIC_DisableIRQ) for NVIC_DisableIRQ
    dt5m1x26_gpio.o(i.GPIO_EnableTriggleInt) refers to dt5m1x26_gpio.o(i.NVIC_EnableIRQ) for NVIC_EnableIRQ
    dt5m1x26_gpio.o(i.GPIO_EnableWakeUpInt) refers to dt5m1x26_gpio.o(i.NVIC_EnableIRQ) for NVIC_EnableIRQ
    dt5m1x26_i2c.o(i.I2C_Get_RX_FIFO) refers to dt5m1x26_i2c.o(i.I2C_Check_RX_FIFO_Empty) for I2C_Check_RX_FIFO_Empty
    dt5m1x26_rtc.o(i.RTC_ClearIntFlag) refers to dt5m1x26_rtc.o(i.delay) for delay
    dt5m1x26_rtc.o(i.RTC_Disable) refers to dt5m1x26_rtc.o(i.delay) for delay
    dt5m1x26_rtc.o(i.RTC_DisableInt) refers to dt5m1x26_rtc.o(i.delay) for delay
    dt5m1x26_rtc.o(i.RTC_Enable) refers to dt5m1x26_rtc.o(i.delay) for delay
    dt5m1x26_rtc.o(i.RTC_EnableInt) refers to dt5m1x26_rtc.o(i.delay) for delay
    dt5m1x26_rtc.o(i.RTC_GetIntFlag) refers to dt5m1x26_rtc.o(i.delay) for delay
    dt5m1x26_rtc.o(i.RTC_Get_CCVR) refers to dt5m1x26_rtc.o(i.delay) for delay
    dt5m1x26_rtc.o(i.RTC_Get_CLR) refers to dt5m1x26_rtc.o(i.delay) for delay
    dt5m1x26_rtc.o(i.RTC_Get_CMR) refers to dt5m1x26_rtc.o(i.delay) for delay
    dt5m1x26_rtc.o(i.RTC_SetCLR) refers to dt5m1x26_rtc.o(i.delay) for delay
    dt5m1x26_rtc.o(i.RTC_SetCMR) refers to dt5m1x26_rtc.o(i.delay) for delay
    dt5m1x26_rtc.o(i.RTC_StructInit) refers to dt5m1x26_rtc.o(i.delay) for delay
    dt5m1x26_systick.o(i.Delay_ms) refers to dt5m1x26_systick.o(i.Delay_us) for Delay_us
    dt5m1x26_systick.o(i.SysTick1ms_Init) refers to dt5m1x26_systick.o(i.NVIC_SetPriority) for NVIC_SetPriority
    dt5m1x26_systick.o(i.SysTick_GetTick) refers to dt5m1x26_systick.o(.data) for systick_count
    dt5m1x26_systick.o(i.SysTick_RstTick) refers to dt5m1x26_systick.o(.data) for systick_count
    dt5m1x26_systick.o(i.Systick_Int_Handler) refers to dt5m1x26_systick.o(.data) for systick_count
    dt5m1x26_timer.o(i.Timer_DisableInt) refers to dt5m1x26_timer.o(i.Timer_ClearIntFlag) for Timer_ClearIntFlag
    dt5m1x26_timer.o(i.Timer_DisableInt) refers to dt5m1x26_timer.o(i.NVIC_DisableIRQ) for NVIC_DisableIRQ
    dt5m1x26_timer.o(i.Timer_EnableInt) refers to dt5m1x26_timer.o(i.Timer_ClearIntFlag) for Timer_ClearIntFlag
    dt5m1x26_timer.o(i.Timer_EnableInt) refers to dt5m1x26_timer.o(i.NVIC_EnableIRQ) for NVIC_EnableIRQ
    dt5m1x26_uart.o(i.UART1_StructInit) refers to ffltui.o(.text) for __aeabi_ui2f
    dt5m1x26_uart.o(i.UART1_StructInit) refers to fmul.o(.text) for __aeabi_fmul
    dt5m1x26_uart.o(i.UART1_StructInit) refers to fdiv.o(.text) for __aeabi_fdiv
    dt5m1x26_uart.o(i.UART1_StructInit) refers to ffixui.o(.text) for __aeabi_f2uiz
    dt5m1x26_wdt.o(i.WDT_ClearIntFlag) refers to dt5m1x26_wdt.o(i.delay) for delay
    dt5m1x26_wdt.o(i.WDT_Disable) refers to dt5m1x26_wdt.o(i.delay) for delay
    dt5m1x26_wdt.o(i.WDT_DisableInt) refers to dt5m1x26_wdt.o(i.delay) for delay
    dt5m1x26_wdt.o(i.WDT_Enable) refers to dt5m1x26_wdt.o(i.delay) for delay
    dt5m1x26_wdt.o(i.WDT_EnableInt) refers to dt5m1x26_wdt.o(i.delay) for delay
    dt5m1x26_wdt.o(i.WDT_GetIntFlag) refers to dt5m1x26_wdt.o(i.delay) for delay
    dt5m1x26_wdt.o(i.WDT_Get_CCVR) refers to dt5m1x26_wdt.o(i.delay) for delay
    dt5m1x26_wdt.o(i.WDT_Get_CLR) refers to dt5m1x26_wdt.o(i.delay) for delay
    dt5m1x26_wdt.o(i.WDT_Get_CMR) refers to dt5m1x26_wdt.o(i.delay) for delay
    dt5m1x26_wdt.o(i.WDT_Refesh) refers to dt5m1x26_wdt.o(i.delay) for delay
    dt5m1x26_wdt.o(i.WDT_SetCLR) refers to dt5m1x26_wdt.o(i.delay) for delay
    dt5m1x26_wdt.o(i.WDT_SetCMR) refers to dt5m1x26_wdt.o(i.delay) for delay
    dt5m1x26_wdt.o(i.WDT_StructInit) refers to dt5m1x26_wdt.o(i.delay) for delay
    dt5m1x26_cmp.o(i.CMP_Init) refers to dt5m1x26_gpio.o(i.GPIO_StructInit) for GPIO_StructInit
    dt5m1x26_cmp.o(i.CMP_Init) refers to dt5m1x26_gpio.o(i.GPIO_Pins_Reset) for GPIO_Pins_Reset
    entry.o(.ARM.Collect$$$$00000000) refers (Special) to entry10a.o(.ARM.Collect$$$$0000000F) for __rt_final_cpp
    entry.o(.ARM.Collect$$$$00000000) refers (Special) to entry11a.o(.ARM.Collect$$$$00000011) for __rt_final_exit
    entry.o(.ARM.Collect$$$$00000000) refers (Special) to entry12b.o(.ARM.Collect$$$$0000000E) for __rt_lib_shutdown_fini
    entry.o(.ARM.Collect$$$$00000000) refers (Special) to entry7b.o(.ARM.Collect$$$$00000008) for _main_clock
    entry.o(.ARM.Collect$$$$00000000) refers (Special) to entry8b.o(.ARM.Collect$$$$0000000A) for _main_cpp_init
    entry.o(.ARM.Collect$$$$00000000) refers (Special) to entry9a.o(.ARM.Collect$$$$0000000B) for _main_init
    entry.o(.ARM.Collect$$$$00000000) refers (Special) to entry5.o(.ARM.Collect$$$$00000004) for _main_scatterload
    entry.o(.ARM.Collect$$$$00000000) refers (Special) to entry2.o(.ARM.Collect$$$$00000001) for _main_stk
    fmul.o(.text) refers (Special) to iusefp.o(.text) for __I$use$fp
    fdiv.o(.text) refers (Special) to iusefp.o(.text) for __I$use$fp
    fdiv.o(.text) refers to fepilogue.o(.text) for _float_round
    ffltui.o(.text) refers (Special) to iusefp.o(.text) for __I$use$fp
    ffltui.o(.text) refers to fepilogue.o(.text) for _float_epilogue
    ffixui.o(.text) refers (Special) to iusefp.o(.text) for __I$use$fp
    entry2.o(.ARM.Collect$$$$00000001) refers to entry2.o(.ARM.Collect$$$$00002712) for __lit__00000000
    entry2.o(.ARM.Collect$$$$00002712) refers to startup_dt5m1x26.o(STACK) for __initial_sp
    entry2.o(__vectab_stack_and_reset_area) refers to startup_dt5m1x26.o(STACK) for __initial_sp
    entry2.o(__vectab_stack_and_reset_area) refers to entry.o(.ARM.Collect$$$$00000000) for __main
    entry5.o(.ARM.Collect$$$$00000004) refers to init.o(.text) for __scatterload
    entry9a.o(.ARM.Collect$$$$0000000B) refers to main.o(i.main) for main
    entry9b.o(.ARM.Collect$$$$0000000C) refers to main.o(i.main) for main
    init.o(.text) refers to entry5.o(.ARM.Collect$$$$00000004) for __main_after_scatterload


==============================================================================

Removing Unused input sections from the image.

    Removing main.o(.rev16_text), (4 bytes).
    Removing main.o(.revsh_text), (4 bytes).
    Removing dt5m1x26_it.o(.rev16_text), (4 bytes).
    Removing dt5m1x26_it.o(.revsh_text), (4 bytes).
    Removing dt5m1x26_it.o(i.Uart_Int_Handler), (2 bytes).
    Removing startup_dt5m1x26.o(HEAP), (1536 bytes).
    Removing system_dt5m1x26.o(.rev16_text), (4 bytes).
    Removing system_dt5m1x26.o(.revsh_text), (4 bytes).
    Removing system_dt5m1x26.o(i.SysGet_HCLKFreq), (4 bytes).
    Removing system_dt5m1x26.o(i.SysGet_PLLClockFreq), (4 bytes).
    Removing system_dt5m1x26.o(i.SystemCoreClockUpdate), (2 bytes).
    Removing system_dt5m1x26.o(.data), (8 bytes).
    Removing dt5m1x26_adc.o(.rev16_text), (4 bytes).
    Removing dt5m1x26_adc.o(.revsh_text), (4 bytes).
    Removing dt5m1x26_adc.o(i.ADC_Active_Disable), (16 bytes).
    Removing dt5m1x26_adc.o(i.ADC_Active_Enable), (18 bytes).
    Removing dt5m1x26_adc.o(i.ADC_Channel_GPIO_Set), (28 bytes).
    Removing dt5m1x26_adc.o(i.ADC_Channel_Select), (26 bytes).
    Removing dt5m1x26_adc.o(i.ADC_DisableInt), (20 bytes).
    Removing dt5m1x26_adc.o(i.ADC_EnableInt), (20 bytes).
    Removing dt5m1x26_adc.o(i.ADC_Get_DoneFlag), (12 bytes).
    Removing dt5m1x26_adc.o(i.ADC_Get_Result), (12 bytes).
    Removing dt5m1x26_adc.o(i.ADC_Power_Down_Disable), (18 bytes).
    Removing dt5m1x26_adc.o(i.ADC_Power_Down_Enable), (20 bytes).
    Removing dt5m1x26_adc.o(i.ADC_Reset_Disable), (16 bytes).
    Removing dt5m1x26_adc.o(i.ADC_Reset_Enable), (18 bytes).
    Removing dt5m1x26_adc.o(i.ADC_Start), (40 bytes).
    Removing dt5m1x26_adc.o(i.ADC_Stop), (8 bytes).
    Removing dt5m1x26_adc.o(i.ADC_StructDeInit), (18 bytes).
    Removing dt5m1x26_adc.o(i.ADC_StructInit), (48 bytes).
    Removing dt5m1x26_adc.o(i.ADC_TC_Set), (30 bytes).
    Removing dt5m1x26_adc.o(i.ADC_TS_Set), (30 bytes).
    Removing dt5m1x26_audio.o(.rev16_text), (4 bytes).
    Removing dt5m1x26_audio.o(.revsh_text), (4 bytes).
    Removing dt5m1x26_gpio.o(.rev16_text), (4 bytes).
    Removing dt5m1x26_gpio.o(.revsh_text), (4 bytes).
    Removing dt5m1x26_gpio.o(i.GPIO_ClearTriggerEdge), (56 bytes).
    Removing dt5m1x26_gpio.o(i.GPIO_DisableDebounce), (20 bytes).
    Removing dt5m1x26_gpio.o(i.GPIO_DisableTriggleInt), (28 bytes).
    Removing dt5m1x26_gpio.o(i.GPIO_DisableWakeUpInt), (10 bytes).
    Removing dt5m1x26_gpio.o(i.GPIO_DisableWakeup), (56 bytes).
    Removing dt5m1x26_gpio.o(i.GPIO_EnableDebounce), (20 bytes).
    Removing dt5m1x26_gpio.o(i.GPIO_EnableTriggleInt), (28 bytes).
    Removing dt5m1x26_gpio.o(i.GPIO_EnableWakeUpInt), (10 bytes).
    Removing dt5m1x26_gpio.o(i.GPIO_EnableWakeup), (56 bytes).
    Removing dt5m1x26_gpio.o(i.GPIO_GetIntStatus), (12 bytes).
    Removing dt5m1x26_gpio.o(i.GPIO_PUP_Disable), (16 bytes).
    Removing dt5m1x26_gpio.o(i.GPIO_PUP_Enable), (16 bytes).
    Removing dt5m1x26_gpio.o(i.GPIO_Pin_ReadBit), (20 bytes).
    Removing dt5m1x26_gpio.o(i.GPIO_Pins_Reset), (8 bytes).
    Removing dt5m1x26_gpio.o(i.GPIO_SetTriggerEdge), (56 bytes).
    Removing dt5m1x26_gpio.o(i.NVIC_DisableIRQ), (20 bytes).
    Removing dt5m1x26_gpio.o(i.NVIC_EnableIRQ), (20 bytes).
    Removing dt5m1x26_i2c.o(.rev16_text), (4 bytes).
    Removing dt5m1x26_i2c.o(.revsh_text), (4 bytes).
    Removing dt5m1x26_i2c.o(i.I2C_Check_Activity), (24 bytes).
    Removing dt5m1x26_i2c.o(i.I2C_Check_RX_FIFO_Empty), (24 bytes).
    Removing dt5m1x26_i2c.o(i.I2C_Check_RX_FIFO_Full), (24 bytes).
    Removing dt5m1x26_i2c.o(i.I2C_Check_RX_Full), (24 bytes).
    Removing dt5m1x26_i2c.o(i.I2C_Check_TX_FIFO_Empty), (24 bytes).
    Removing dt5m1x26_i2c.o(i.I2C_Check_TX_FIFO_Full), (24 bytes).
    Removing dt5m1x26_i2c.o(i.I2C_Check_TX_empty), (24 bytes).
    Removing dt5m1x26_i2c.o(i.I2C_ClearInt), (16 bytes).
    Removing dt5m1x26_i2c.o(i.I2C_Disable), (12 bytes).
    Removing dt5m1x26_i2c.o(i.I2C_DisableInt), (20 bytes).
    Removing dt5m1x26_i2c.o(i.I2C_Enable), (12 bytes).
    Removing dt5m1x26_i2c.o(i.I2C_EnableInt), (20 bytes).
    Removing dt5m1x26_i2c.o(i.I2C_Fill_TX_FIFO), (16 bytes).
    Removing dt5m1x26_i2c.o(i.I2C_GetIntFlag), (12 bytes).
    Removing dt5m1x26_i2c.o(i.I2C_GetTxAbort_flag), (12 bytes).
    Removing dt5m1x26_i2c.o(i.I2C_Get_FIFO_RX_Length), (12 bytes).
    Removing dt5m1x26_i2c.o(i.I2C_Get_FIFO_TX_Length), (12 bytes).
    Removing dt5m1x26_i2c.o(i.I2C_Get_RX_FIFO), (24 bytes).
    Removing dt5m1x26_i2c.o(i.I2C_Get_RX_FIFO_Level), (12 bytes).
    Removing dt5m1x26_i2c.o(i.I2C_Get_TX_FIFO_Level), (12 bytes).
    Removing dt5m1x26_i2c.o(i.I2C_Set_RX_FIFO_Level), (12 bytes).
    Removing dt5m1x26_i2c.o(i.I2C_Set_Read), (16 bytes).
    Removing dt5m1x26_i2c.o(i.I2C_Set_TX_FIFO_Level), (12 bytes).
    Removing dt5m1x26_i2c.o(i.I2C_StructInit), (336 bytes).
    Removing dt5m1x26_pwm.o(.rev16_text), (4 bytes).
    Removing dt5m1x26_pwm.o(.revsh_text), (4 bytes).
    Removing dt5m1x26_pwm.o(i.PWM_Change_Duty_cycle), (126 bytes).
    Removing dt5m1x26_pwm.o(i.PWM_Change_Freq), (62 bytes).
    Removing dt5m1x26_pwm.o(i.PWM_Start), (16 bytes).
    Removing dt5m1x26_pwm.o(i.PWM_Stop), (16 bytes).
    Removing dt5m1x26_pwm.o(i.PWM_StructInit), (408 bytes).
    Removing dt5m1x26_rcc.o(.rev16_text), (4 bytes).
    Removing dt5m1x26_rcc.o(.revsh_text), (4 bytes).
    Removing dt5m1x26_rcc.o(i.RCC_ADCClk_DeInt), (16 bytes).
    Removing dt5m1x26_rcc.o(i.RCC_ADCClk_Int), (18 bytes).
    Removing dt5m1x26_rcc.o(i.RCC_AESClk_DeInit), (18 bytes).
    Removing dt5m1x26_rcc.o(i.RCC_AESClk_Init), (18 bytes).
    Removing dt5m1x26_rcc.o(i.RCC_AHBClkConfig), (32 bytes).
    Removing dt5m1x26_rcc.o(i.RCC_APBUARTClkConfig), (32 bytes).
    Removing dt5m1x26_rcc.o(i.RCC_ClockSourceConfig), (56 bytes).
    Removing dt5m1x26_rcc.o(i.RCC_I2CClk_DeInt), (18 bytes).
    Removing dt5m1x26_rcc.o(i.RCC_I2CClk_Int), (20 bytes).
    Removing dt5m1x26_rcc.o(i.RCC_PWMClk_DeInt), (16 bytes).
    Removing dt5m1x26_rcc.o(i.RCC_PWMClk_Int), (18 bytes).
    Removing dt5m1x26_rcc.o(i.RCC_RTCClk_DeInt), (18 bytes).
    Removing dt5m1x26_rcc.o(i.RCC_RTCClk_Int), (18 bytes).
    Removing dt5m1x26_rcc.o(i.RCC_SPIClk_DeInt), (18 bytes).
    Removing dt5m1x26_rcc.o(i.RCC_SPIClk_Int), (20 bytes).
    Removing dt5m1x26_rcc.o(i.RCC_SoundClk_DeInt), (18 bytes).
    Removing dt5m1x26_rcc.o(i.RCC_Timer0Clk_DeInt), (16 bytes).
    Removing dt5m1x26_rcc.o(i.RCC_Timer0Clk_Int), (18 bytes).
    Removing dt5m1x26_rcc.o(i.RCC_Timer1Clk_DeInt), (16 bytes).
    Removing dt5m1x26_rcc.o(i.RCC_Timer1Clk_Int), (18 bytes).
    Removing dt5m1x26_rcc.o(i.RCC_UartClk_DeInt), (18 bytes).
    Removing dt5m1x26_rcc.o(i.RCC_UartClk_Int), (18 bytes).
    Removing dt5m1x26_rcc.o(i.RCC_WDTClk_DeInt), (18 bytes).
    Removing dt5m1x26_rcc.o(i.RCC_WDTClk_Int), (18 bytes).
    Removing dt5m1x26_rtc.o(.rev16_text), (4 bytes).
    Removing dt5m1x26_rtc.o(.revsh_text), (4 bytes).
    Removing dt5m1x26_rtc.o(i.RTC_ClearIntFlag), (40 bytes).
    Removing dt5m1x26_rtc.o(i.RTC_Disable), (28 bytes).
    Removing dt5m1x26_rtc.o(i.RTC_DisableInt), (44 bytes).
    Removing dt5m1x26_rtc.o(i.RTC_Enable), (28 bytes).
    Removing dt5m1x26_rtc.o(i.RTC_EnableInt), (44 bytes).
    Removing dt5m1x26_rtc.o(i.RTC_GetIntFlag), (24 bytes).
    Removing dt5m1x26_rtc.o(i.RTC_Get_CCVR), (24 bytes).
    Removing dt5m1x26_rtc.o(i.RTC_Get_CLR), (24 bytes).
    Removing dt5m1x26_rtc.o(i.RTC_Get_CMR), (24 bytes).
    Removing dt5m1x26_rtc.o(i.RTC_SetCLR), (20 bytes).
    Removing dt5m1x26_rtc.o(i.RTC_SetCMR), (20 bytes).
    Removing dt5m1x26_rtc.o(i.RTC_StructInit), (72 bytes).
    Removing dt5m1x26_rtc.o(i.delay), (14 bytes).
    Removing dt5m1x26_spi.o(.rev16_text), (4 bytes).
    Removing dt5m1x26_spi.o(.revsh_text), (4 bytes).
    Removing dt5m1x26_spi.o(i.SPI_IntFlag_clear), (12 bytes).
    Removing dt5m1x26_spi.o(i.SPI_ReadByte), (80 bytes).
    Removing dt5m1x26_spi.o(i.SPI_Status_Get), (12 bytes).
    Removing dt5m1x26_spi.o(i.SPI_StructInit), (220 bytes).
    Removing dt5m1x26_spi.o(i.SPI_WriteByte), (60 bytes).
    Removing dt5m1x26_systick.o(.rev16_text), (4 bytes).
    Removing dt5m1x26_systick.o(.revsh_text), (4 bytes).
    Removing dt5m1x26_systick.o(i.Delay_ms), (18 bytes).
    Removing dt5m1x26_systick.o(i.Delay_us), (28 bytes).
    Removing dt5m1x26_systick.o(i.NVIC_SetPriority), (120 bytes).
    Removing dt5m1x26_systick.o(i.SysTick1ms_Init), (56 bytes).
    Removing dt5m1x26_systick.o(i.SysTick_GetTick), (12 bytes).
    Removing dt5m1x26_systick.o(i.SysTick_RstTick), (12 bytes).
    Removing dt5m1x26_systick.o(i.Systick_Int_Handler), (16 bytes).
    Removing dt5m1x26_systick.o(.data), (4 bytes).
    Removing dt5m1x26_timer.o(.rev16_text), (4 bytes).
    Removing dt5m1x26_timer.o(.revsh_text), (4 bytes).
    Removing dt5m1x26_timer.o(i.NVIC_DisableIRQ), (20 bytes).
    Removing dt5m1x26_timer.o(i.NVIC_EnableIRQ), (20 bytes).
    Removing dt5m1x26_timer.o(i.Timer1_Capture_disable), (10 bytes).
    Removing dt5m1x26_timer.o(i.Timer1_Capture_enalbe), (10 bytes).
    Removing dt5m1x26_timer.o(i.Timer1_Extclk_disable), (10 bytes).
    Removing dt5m1x26_timer.o(i.Timer1_Extclk_enalbe), (10 bytes).
    Removing dt5m1x26_timer.o(i.Timer_Disable), (10 bytes).
    Removing dt5m1x26_timer.o(i.Timer_DisableInt), (44 bytes).
    Removing dt5m1x26_timer.o(i.Timer_Enable), (10 bytes).
    Removing dt5m1x26_timer.o(i.Timer_EnableInt), (44 bytes).
    Removing dt5m1x26_timer.o(i.Timer_Get_CV), (6 bytes).
    Removing dt5m1x26_timer.o(i.Timer_SetLC), (4 bytes).
    Removing dt5m1x26_timer.o(i.Timer_StructInit), (70 bytes).
    Removing dt5m1x26_uart.o(.rev16_text), (4 bytes).
    Removing dt5m1x26_uart.o(.revsh_text), (4 bytes).
    Removing dt5m1x26_uart.o(i.UART1_DisableInt), (36 bytes).
    Removing dt5m1x26_uart.o(i.UART1_EnableInt), (36 bytes).
    Removing dt5m1x26_uart.o(i.UART1_FIFO_Disable), (20 bytes).
    Removing dt5m1x26_uart.o(i.UART1_FIFO_Enable), (20 bytes).
    Removing dt5m1x26_uart.o(i.UART1_GetIntFlag), (60 bytes).
    Removing dt5m1x26_uart.o(i.UART1_Read), (60 bytes).
    Removing dt5m1x26_uart.o(i.UART1_StructInit), (176 bytes).
    Removing dt5m1x26_uart.o(i.UART1_Write), (60 bytes).
    Removing dt5m1x26_uart.o(i.fputc), (28 bytes).
    Removing dt5m1x26_wdt.o(.rev16_text), (4 bytes).
    Removing dt5m1x26_wdt.o(.revsh_text), (4 bytes).
    Removing dt5m1x26_wdt.o(i.WDT_ClearIntFlag), (40 bytes).
    Removing dt5m1x26_wdt.o(i.WDT_Disable), (28 bytes).
    Removing dt5m1x26_wdt.o(i.WDT_DisableInt), (44 bytes).
    Removing dt5m1x26_wdt.o(i.WDT_Enable), (28 bytes).
    Removing dt5m1x26_wdt.o(i.WDT_EnableInt), (44 bytes).
    Removing dt5m1x26_wdt.o(i.WDT_GetIntFlag), (24 bytes).
    Removing dt5m1x26_wdt.o(i.WDT_Get_CCVR), (24 bytes).
    Removing dt5m1x26_wdt.o(i.WDT_Get_CLR), (24 bytes).
    Removing dt5m1x26_wdt.o(i.WDT_Get_CMR), (24 bytes).
    Removing dt5m1x26_wdt.o(i.WDT_Refesh), (20 bytes).
    Removing dt5m1x26_wdt.o(i.WDT_SetCLR), (20 bytes).
    Removing dt5m1x26_wdt.o(i.WDT_SetCMR), (20 bytes).
    Removing dt5m1x26_wdt.o(i.WDT_StructInit), (112 bytes).
    Removing dt5m1x26_wdt.o(i.delay), (14 bytes).
    Removing dt5m1x26_aes.o(.rev16_text), (4 bytes).
    Removing dt5m1x26_aes.o(.revsh_text), (4 bytes).
    Removing dt5m1x26_aes.o(i.AES_KeyLen), (56 bytes).
    Removing dt5m1x26_aes.o(i.AES_Key_Set), (64 bytes).
    Removing dt5m1x26_aes.o(i.AES_PlainText_Set), (60 bytes).
    Removing dt5m1x26_aes.o(i.AES_change), (216 bytes).
    Removing dt5m1x26_aes.o(i.AES_round_constants), (32 bytes).
    Removing dt5m1x26_aes.o(i.AES_sbox_Set), (132 bytes).
    Removing dt5m1x26_cmp.o(.rev16_text), (4 bytes).
    Removing dt5m1x26_cmp.o(.revsh_text), (4 bytes).
    Removing dt5m1x26_cmp.o(i.CMP_Get_Result), (12 bytes).
    Removing dt5m1x26_cmp.o(i.CMP_Init), (164 bytes).
    Removing dt5m1x26_cmp.o(i.CMP_Int_Disable), (24 bytes).
    Removing dt5m1x26_cmp.o(i.CMP_Int_Enalbe), (24 bytes).
    Removing dt5m1x26_flash.o(.rev16_text), (4 bytes).
    Removing dt5m1x26_flash.o(.revsh_text), (4 bytes).
    Removing dt5m1x26_flash.o(i.Flash_EraseChip), (92 bytes).
    Removing dt5m1x26_flash.o(i.Flash_EraseSector), (48 bytes).
    Removing dt5m1x26_flash.o(i.Flash_Read_Byte), (36 bytes).
    Removing dt5m1x26_flash.o(i.Flash_Write_Byte), (36 bytes).
    Removing dt5m1x26_flash.o(i.Flash_Write_buf), (52 bytes).
    Removing fmul.o(.text), (122 bytes).
    Removing fdiv.o(.text), (124 bytes).
    Removing ffltui.o(.text), (14 bytes).
    Removing ffixui.o(.text), (40 bytes).
    Removing fepilogue.o(.text), (130 bytes).

212 unused section(s) (total 8172 bytes) removed from the image.

==============================================================================

Image Symbol Table

    Local Symbols

    Symbol Name                              Value     Ov Type        Size  Object(Section)

    RESET                                    0x00000000   Section      180  startup_dt5m1x26.o(RESET)
    ../clib/microlib/init/entry.s            0x00000000   Number         0  entry12b.o ABSOLUTE
    ../clib/microlib/init/entry.s            0x00000000   Number         0  entry12a.o ABSOLUTE
    ../clib/microlib/init/entry.s            0x00000000   Number         0  entry11b.o ABSOLUTE
    ../clib/microlib/init/entry.s            0x00000000   Number         0  entry11a.o ABSOLUTE
    ../clib/microlib/init/entry.s            0x00000000   Number         0  entry10a.o ABSOLUTE
    ../clib/microlib/init/entry.s            0x00000000   Number         0  entry9b.o ABSOLUTE
    ../clib/microlib/init/entry.s            0x00000000   Number         0  entry9a.o ABSOLUTE
    ../clib/microlib/init/entry.s            0x00000000   Number         0  entry8b.o ABSOLUTE
    ../clib/microlib/init/entry.s            0x00000000   Number         0  entry8a.o ABSOLUTE
    ../clib/microlib/init/entry.s            0x00000000   Number         0  entry7b.o ABSOLUTE
    ../clib/microlib/init/entry.s            0x00000000   Number         0  entry7a.o ABSOLUTE
    ../clib/microlib/init/entry.s            0x00000000   Number         0  entry5.o ABSOLUTE
    ../clib/microlib/init/entry.s            0x00000000   Number         0  entry10b.o ABSOLUTE
    ../clib/microlib/init/entry.s            0x00000000   Number         0  entry2.o ABSOLUTE
    ../clib/microlib/init/entry.s            0x00000000   Number         0  entry.o ABSOLUTE
    ../clib/microlib/stubs.s                 0x00000000   Number         0  iusefp.o ABSOLUTE
    ../fplib/microlib/fpdiv.c                0x00000000   Number         0  fdiv.o ABSOLUTE
    ../fplib/microlib/fpepilogue.c           0x00000000   Number         0  fepilogue.o ABSOLUTE
    ../fplib/microlib/fpfix.c                0x00000000   Number         0  ffixui.o ABSOLUTE
    ../fplib/microlib/fpflt.c                0x00000000   Number         0  ffltui.o ABSOLUTE
    ../fplib/microlib/fpmul.c                0x00000000   Number         0  fmul.o ABSOLUTE
    ..\Library\Source\startup_DT5M1x26.s     0x00000000   Number         0  startup_dt5m1x26.o ABSOLUTE
    ..\Library\Source\system_DT5M1x26.c      0x00000000   Number         0  system_dt5m1x26.o ABSOLUTE
    ..\Library\StdPeriph_Driver\src\dt5m1x26_adc.c 0x00000000   Number         0  dt5m1x26_adc.o ABSOLUTE
    ..\Library\StdPeriph_Driver\src\dt5m1x26_aes.c 0x00000000   Number         0  dt5m1x26_aes.o ABSOLUTE
    ..\Library\StdPeriph_Driver\src\dt5m1x26_audio.c 0x00000000   Number         0  dt5m1x26_audio.o ABSOLUTE
    ..\Library\StdPeriph_Driver\src\dt5m1x26_cmp.c 0x00000000   Number         0  dt5m1x26_cmp.o ABSOLUTE
    ..\Library\StdPeriph_Driver\src\dt5m1x26_flash.c 0x00000000   Number         0  dt5m1x26_flash.o ABSOLUTE
    ..\Library\StdPeriph_Driver\src\dt5m1x26_gpio.c 0x00000000   Number         0  dt5m1x26_gpio.o ABSOLUTE
    ..\Library\StdPeriph_Driver\src\dt5m1x26_i2c.c 0x00000000   Number         0  dt5m1x26_i2c.o ABSOLUTE
    ..\Library\StdPeriph_Driver\src\dt5m1x26_pwm.c 0x00000000   Number         0  dt5m1x26_pwm.o ABSOLUTE
    ..\Library\StdPeriph_Driver\src\dt5m1x26_rcc.c 0x00000000   Number         0  dt5m1x26_rcc.o ABSOLUTE
    ..\Library\StdPeriph_Driver\src\dt5m1x26_rtc.c 0x00000000   Number         0  dt5m1x26_rtc.o ABSOLUTE
    ..\Library\StdPeriph_Driver\src\dt5m1x26_spi.c 0x00000000   Number         0  dt5m1x26_spi.o ABSOLUTE
    ..\Library\StdPeriph_Driver\src\dt5m1x26_systick.c 0x00000000   Number         0  dt5m1x26_systick.o ABSOLUTE
    ..\Library\StdPeriph_Driver\src\dt5m1x26_timer.c 0x00000000   Number         0  dt5m1x26_timer.o ABSOLUTE
    ..\Library\StdPeriph_Driver\src\dt5m1x26_uart.c 0x00000000   Number         0  dt5m1x26_uart.o ABSOLUTE
    ..\Library\StdPeriph_Driver\src\dt5m1x26_wdt.c 0x00000000   Number         0  dt5m1x26_wdt.o ABSOLUTE
    ..\\Library\\Source\\system_DT5M1x26.c   0x00000000   Number         0  system_dt5m1x26.o ABSOLUTE
    ..\\Library\\StdPeriph_Driver\\src\\dt5m1x26_adc.c 0x00000000   Number         0  dt5m1x26_adc.o ABSOLUTE
    ..\\Library\\StdPeriph_Driver\\src\\dt5m1x26_aes.c 0x00000000   Number         0  dt5m1x26_aes.o ABSOLUTE
    ..\\Library\\StdPeriph_Driver\\src\\dt5m1x26_audio.c 0x00000000   Number         0  dt5m1x26_audio.o ABSOLUTE
    ..\\Library\\StdPeriph_Driver\\src\\dt5m1x26_cmp.c 0x00000000   Number         0  dt5m1x26_cmp.o ABSOLUTE
    ..\\Library\\StdPeriph_Driver\\src\\dt5m1x26_flash.c 0x00000000   Number         0  dt5m1x26_flash.o ABSOLUTE
    ..\\Library\\StdPeriph_Driver\\src\\dt5m1x26_gpio.c 0x00000000   Number         0  dt5m1x26_gpio.o ABSOLUTE
    ..\\Library\\StdPeriph_Driver\\src\\dt5m1x26_i2c.c 0x00000000   Number         0  dt5m1x26_i2c.o ABSOLUTE
    ..\\Library\\StdPeriph_Driver\\src\\dt5m1x26_pwm.c 0x00000000   Number         0  dt5m1x26_pwm.o ABSOLUTE
    ..\\Library\\StdPeriph_Driver\\src\\dt5m1x26_rcc.c 0x00000000   Number         0  dt5m1x26_rcc.o ABSOLUTE
    ..\\Library\\StdPeriph_Driver\\src\\dt5m1x26_rtc.c 0x00000000   Number         0  dt5m1x26_rtc.o ABSOLUTE
    ..\\Library\\StdPeriph_Driver\\src\\dt5m1x26_spi.c 0x00000000   Number         0  dt5m1x26_spi.o ABSOLUTE
    ..\\Library\\StdPeriph_Driver\\src\\dt5m1x26_systick.c 0x00000000   Number         0  dt5m1x26_systick.o ABSOLUTE
    ..\\Library\\StdPeriph_Driver\\src\\dt5m1x26_timer.c 0x00000000   Number         0  dt5m1x26_timer.o ABSOLUTE
    ..\\Library\\StdPeriph_Driver\\src\\dt5m1x26_uart.c 0x00000000   Number         0  dt5m1x26_uart.o ABSOLUTE
    ..\\Library\\StdPeriph_Driver\\src\\dt5m1x26_wdt.c 0x00000000   Number         0  dt5m1x26_wdt.o ABSOLUTE
    ..\\usr\\src\\DT5M1x26_it.c              0x00000000   Number         0  dt5m1x26_it.o ABSOLUTE
    ..\\usr\\src\\main.c                     0x00000000   Number         0  main.o ABSOLUTE
    ..\usr\src\DT5M1x26_it.c                 0x00000000   Number         0  dt5m1x26_it.o ABSOLUTE
    ..\usr\src\main.c                        0x00000000   Number         0  main.o ABSOLUTE
    dc.s                                     0x00000000   Number         0  dc.o ABSOLUTE
    handlers.s                               0x00000000   Number         0  handlers.o ABSOLUTE
    init.s                                   0x00000000   Number         0  init.o ABSOLUTE
    .ARM.Collect$$$$00000000                 0x000000b4   Section        0  entry.o(.ARM.Collect$$$$00000000)
    .ARM.Collect$$$$00000001                 0x000000b4   Section        4  entry2.o(.ARM.Collect$$$$00000001)
    .ARM.Collect$$$$00000004                 0x000000b8   Section        4  entry5.o(.ARM.Collect$$$$00000004)
    .ARM.Collect$$$$00000008                 0x000000bc   Section        0  entry7b.o(.ARM.Collect$$$$00000008)
    .ARM.Collect$$$$0000000A                 0x000000bc   Section        0  entry8b.o(.ARM.Collect$$$$0000000A)
    .ARM.Collect$$$$0000000B                 0x000000bc   Section        8  entry9a.o(.ARM.Collect$$$$0000000B)
    .ARM.Collect$$$$0000000E                 0x000000c4   Section        4  entry12b.o(.ARM.Collect$$$$0000000E)
    .ARM.Collect$$$$0000000F                 0x000000c8   Section        0  entry10a.o(.ARM.Collect$$$$0000000F)
    .ARM.Collect$$$$00000011                 0x000000c8   Section        0  entry11a.o(.ARM.Collect$$$$00000011)
    .ARM.Collect$$$$00002712                 0x000000c8   Section        4  entry2.o(.ARM.Collect$$$$00002712)
    __lit__00000000                          0x000000c8   Data           4  entry2.o(.ARM.Collect$$$$00002712)
    .text                                    0x000000cc   Section       36  startup_dt5m1x26.o(.text)
    .text                                    0x000000f0   Section       36  init.o(.text)
    i.ADC_Fall_Int_Handler                   0x00000114   Section        0  dt5m1x26_it.o(i.ADC_Fall_Int_Handler)
    i.ADC_Int_Handler                        0x00000116   Section        0  dt5m1x26_it.o(i.ADC_Int_Handler)
    i.ADC_Rise_Int_Handler                   0x00000118   Section        0  dt5m1x26_it.o(i.ADC_Rise_Int_Handler)
    i.Audio_GPIO_Init                        0x0000011c   Section        0  main.o(i.Audio_GPIO_Init)
    i.GPIO_Int_Handler                       0x0000016c   Section        0  dt5m1x26_it.o(i.GPIO_Int_Handler)
    i.GPIO_Pins_Set                          0x0000016e   Section        0  dt5m1x26_gpio.o(i.GPIO_Pins_Set)
    i.GPIO_StructInit                        0x00000178   Section        0  dt5m1x26_gpio.o(i.GPIO_StructInit)
    i.GPIO_WakeUp_Int_Handler                0x0000029c   Section        0  dt5m1x26_it.o(i.GPIO_WakeUp_Int_Handler)
    i.I2C_Int_Handler                        0x0000029e   Section        0  dt5m1x26_it.o(i.I2C_Int_Handler)
    i.PlayAudio_Init                         0x000002a0   Section        0  main.o(i.PlayAudio_Init)
    i.RCC_SoundClk_Int                       0x000002dc   Section        0  dt5m1x26_rcc.o(i.RCC_SoundClk_Int)
    i.RTC_Int_Handler                        0x000002f0   Section        0  dt5m1x26_it.o(i.RTC_Int_Handler)
    i.SPI_Int_Handler                        0x000002f2   Section        0  dt5m1x26_it.o(i.SPI_Int_Handler)
    i.Sound_ClearInt                         0x000002f4   Section        0  dt5m1x26_audio.o(i.Sound_ClearInt)
    i.Sound_DisableInt                       0x00000300   Section        0  dt5m1x26_audio.o(i.Sound_DisableInt)
    i.Sound_EnableInt                        0x00000314   Section        0  dt5m1x26_audio.o(i.Sound_EnableInt)
    i.Sound_Fill_FIFO0                       0x00000328   Section        0  main.o(i.Sound_Fill_FIFO0)
    i.Sound_Fill_FIFO1                       0x00000330   Section        0  main.o(i.Sound_Fill_FIFO1)
    i.Sound_GetFifoPointer                   0x00000338   Section        0  dt5m1x26_audio.o(i.Sound_GetFifoPointer)
    i.Sound_GetInt                           0x00000344   Section        0  dt5m1x26_audio.o(i.Sound_GetInt)
    i.Sound_Int_Handler                      0x00000350   Section        0  dt5m1x26_it.o(i.Sound_Int_Handler)
    i.Sound_Int_Usr_Handler                  0x00000358   Section        0  main.o(i.Sound_Int_Usr_Handler)
    i.Sound_StructInit                       0x000003e4   Section        0  dt5m1x26_audio.o(i.Sound_StructInit)
    i.SysTick_Handler                        0x0000042c   Section        0  dt5m1x26_it.o(i.SysTick_Handler)
    i.SystemInit                             0x0000042e   Section        0  system_dt5m1x26.o(i.SystemInit)
    i.Timer0_Int_Handler                     0x00000430   Section        0  dt5m1x26_it.o(i.Timer0_Int_Handler)
    i.Timer1_Int_Handler                     0x00000448   Section        0  dt5m1x26_it.o(i.Timer1_Int_Handler)
    i.Timer_ClearIntFlag                     0x00000460   Section        0  dt5m1x26_timer.o(i.Timer_ClearIntFlag)
    i.Timer_GetIntFlag                       0x00000468   Section        0  dt5m1x26_timer.o(i.Timer_GetIntFlag)
    i.WDT_Int_Handler                        0x00000470   Section        0  dt5m1x26_it.o(i.WDT_Int_Handler)
    i.__scatterload_copy                     0x00000472   Section       14  handlers.o(i.__scatterload_copy)
    i.__scatterload_null                     0x00000480   Section        2  handlers.o(i.__scatterload_null)
    i.__scatterload_zeroinit                 0x00000482   Section       14  handlers.o(i.__scatterload_zeroinit)
    i.main                                   0x00000490   Section        0  main.o(i.main)
    i.playAudio_Stop                         0x000004b4   Section        0  main.o(i.playAudio_Stop)
    .constdata                               0x000004c8   Section    31496  main.o(.constdata)
    .data                                    0x03000000   Section       13  main.o(.data)
    STACK                                    0x03000010   Section     1536  startup_dt5m1x26.o(STACK)

    Global Symbols

    Symbol Name                              Value     Ov Type        Size  Object(Section)

    BuildAttributes$$THM_ISAv3M$S$PE$A:L22$X:L11$S22$IEEE1$IW$USESV6$~STKCKD$USESV7$~SHL$OTIME$ROPI$EBA8$MICROLIB$REQ8$PRES8$EABIv2 0x00000000   Number         0  anon$$obj.o ABSOLUTE
    __ARM_use_no_argv                        0x00000000   Number         0  main.o ABSOLUTE
    __Vectors                                0x00000000   Data           4  startup_dt5m1x26.o(RESET)
    __arm_fini_                               - Undefined Weak Reference
    __cpp_initialize__aeabi_                  - Undefined Weak Reference
    __cxa_finalize                            - Undefined Weak Reference
    __decompress                              - Undefined Weak Reference
    _clock_init                               - Undefined Weak Reference
    _microlib_exit                            - Undefined Weak Reference
    __main                                   0x000000b5   Thumb Code     0  entry.o(.ARM.Collect$$$$00000000)
    _main_stk                                0x000000b5   Thumb Code     0  entry2.o(.ARM.Collect$$$$00000001)
    _main_scatterload                        0x000000b9   Thumb Code     0  entry5.o(.ARM.Collect$$$$00000004)
    __main_after_scatterload                 0x000000bd   Thumb Code     0  entry5.o(.ARM.Collect$$$$00000004)
    _main_clock                              0x000000bd   Thumb Code     0  entry7b.o(.ARM.Collect$$$$00000008)
    _main_cpp_init                           0x000000bd   Thumb Code     0  entry8b.o(.ARM.Collect$$$$0000000A)
    _main_init                               0x000000bd   Thumb Code     0  entry9a.o(.ARM.Collect$$$$0000000B)
    __rt_lib_shutdown_fini                   0x000000c5   Thumb Code     0  entry12b.o(.ARM.Collect$$$$0000000E)
    __rt_final_cpp                           0x000000c9   Thumb Code     0  entry10a.o(.ARM.Collect$$$$0000000F)
    __rt_final_exit                          0x000000c9   Thumb Code     0  entry11a.o(.ARM.Collect$$$$00000011)
    Reset_Handler                            0x000000cd   Thumb Code    16  startup_dt5m1x26.o(.text)
    NMI_Handler                              0x000000dd   Thumb Code     2  startup_dt5m1x26.o(.text)
    HardFault_Handler                        0x000000df   Thumb Code     2  startup_dt5m1x26.o(.text)
    SVC_Handler                              0x000000e1   Thumb Code     2  startup_dt5m1x26.o(.text)
    PendSV_Handler                           0x000000e3   Thumb Code     2  startup_dt5m1x26.o(.text)
    BOD_Int_Handler                          0x000000e7   Thumb Code     0  startup_dt5m1x26.o(.text)
    CMP_HIGH_Int_Handler                     0x000000e7   Thumb Code     0  startup_dt5m1x26.o(.text)
    CMP_LOW_Int_Handler                      0x000000e7   Thumb Code     0  startup_dt5m1x26.o(.text)
    I2C_TX_EMPTY_Int_Handler                 0x000000e7   Thumb Code     0  startup_dt5m1x26.o(.text)
    I2C_rx_full_Int_Handler                  0x000000e7   Thumb Code     0  startup_dt5m1x26.o(.text)
    Uart0_Int_Handler                        0x000000e7   Thumb Code     0  startup_dt5m1x26.o(.text)
    Uart1_Int_Handler                        0x000000e7   Thumb Code     0  startup_dt5m1x26.o(.text)
    __scatterload                            0x000000f1   Thumb Code    28  init.o(.text)
    __scatterload_rt2                        0x000000f1   Thumb Code     0  init.o(.text)
    ADC_Fall_Int_Handler                     0x00000115   Thumb Code     2  dt5m1x26_it.o(i.ADC_Fall_Int_Handler)
    ADC_Int_Handler                          0x00000117   Thumb Code     2  dt5m1x26_it.o(i.ADC_Int_Handler)
    ADC_Rise_Int_Handler                     0x00000119   Thumb Code     2  dt5m1x26_it.o(i.ADC_Rise_Int_Handler)
    Audio_GPIO_Init                          0x0000011d   Thumb Code    76  main.o(i.Audio_GPIO_Init)
    GPIO_Int_Handler                         0x0000016d   Thumb Code     2  dt5m1x26_it.o(i.GPIO_Int_Handler)
    GPIO_Pins_Set                            0x0000016f   Thumb Code     8  dt5m1x26_gpio.o(i.GPIO_Pins_Set)
    GPIO_StructInit                          0x00000179   Thumb Code   286  dt5m1x26_gpio.o(i.GPIO_StructInit)
    GPIO_WakeUp_Int_Handler                  0x0000029d   Thumb Code     2  dt5m1x26_it.o(i.GPIO_WakeUp_Int_Handler)
    I2C_Int_Handler                          0x0000029f   Thumb Code     2  dt5m1x26_it.o(i.I2C_Int_Handler)
    PlayAudio_Init                           0x000002a1   Thumb Code    54  main.o(i.PlayAudio_Init)
    RCC_SoundClk_Int                         0x000002dd   Thumb Code    20  dt5m1x26_rcc.o(i.RCC_SoundClk_Int)
    RTC_Int_Handler                          0x000002f1   Thumb Code     2  dt5m1x26_it.o(i.RTC_Int_Handler)
    SPI_Int_Handler                          0x000002f3   Thumb Code     2  dt5m1x26_it.o(i.SPI_Int_Handler)
    Sound_ClearInt                           0x000002f5   Thumb Code    10  dt5m1x26_audio.o(i.Sound_ClearInt)
    Sound_DisableInt                         0x00000301   Thumb Code    14  dt5m1x26_audio.o(i.Sound_DisableInt)
    Sound_EnableInt                          0x00000315   Thumb Code    14  dt5m1x26_audio.o(i.Sound_EnableInt)
    Sound_Fill_FIFO0                         0x00000329   Thumb Code     8  main.o(i.Sound_Fill_FIFO0)
    Sound_Fill_FIFO1                         0x00000331   Thumb Code     8  main.o(i.Sound_Fill_FIFO1)
    Sound_GetFifoPointer                     0x00000339   Thumb Code    12  dt5m1x26_audio.o(i.Sound_GetFifoPointer)
    Sound_GetInt                             0x00000345   Thumb Code    12  dt5m1x26_audio.o(i.Sound_GetInt)
    Sound_Int_Handler                        0x00000351   Thumb Code     8  dt5m1x26_it.o(i.Sound_Int_Handler)
    Sound_Int_Usr_Handler                    0x00000359   Thumb Code   116  main.o(i.Sound_Int_Usr_Handler)
    Sound_StructInit                         0x000003e5   Thumb Code    72  dt5m1x26_audio.o(i.Sound_StructInit)
    SysTick_Handler                          0x0000042d   Thumb Code     2  dt5m1x26_it.o(i.SysTick_Handler)
    SystemInit                               0x0000042f   Thumb Code     2  system_dt5m1x26.o(i.SystemInit)
    Timer0_Int_Handler                       0x00000431   Thumb Code    20  dt5m1x26_it.o(i.Timer0_Int_Handler)
    Timer1_Int_Handler                       0x00000449   Thumb Code    20  dt5m1x26_it.o(i.Timer1_Int_Handler)
    Timer_ClearIntFlag                       0x00000461   Thumb Code     8  dt5m1x26_timer.o(i.Timer_ClearIntFlag)
    Timer_GetIntFlag                         0x00000469   Thumb Code     8  dt5m1x26_timer.o(i.Timer_GetIntFlag)
    WDT_Int_Handler                          0x00000471   Thumb Code     2  dt5m1x26_it.o(i.WDT_Int_Handler)
    __scatterload_copy                       0x00000473   Thumb Code    14  handlers.o(i.__scatterload_copy)
    __scatterload_null                       0x00000481   Thumb Code     2  handlers.o(i.__scatterload_null)
    __scatterload_zeroinit                   0x00000483   Thumb Code    14  handlers.o(i.__scatterload_zeroinit)
    main                                     0x00000491   Thumb Code    30  main.o(i.main)
    playAudio_Stop                           0x000004b5   Thumb Code    20  main.o(i.playAudio_Stop)
    code_bjkjg_pcm                           0x000004c8   Data       31496  main.o(.constdata)
    Region$$Table$$Base                      0x00007fd0   Number         0  anon$$obj.o(Region$$Table)
    Region$$Table$$Limit                     0x00007ff0   Number         0  anon$$obj.o(Region$$Table)
    length                                   0x03000000   Data           2  main.o(.data)
    rd                                       0x03000002   Data           2  main.o(.data)
    play_times                               0x03000004   Data           1  main.o(.data)
    audio_buff                               0x03000008   Data           4  main.o(.data)
    i                                        0x0300000c   Data           1  main.o(.data)
    __initial_sp                             0x03000610   Data           0  startup_dt5m1x26.o(STACK)



==============================================================================

Memory Map of the image

  Image Entry point : 0x000000b5

  Load Region LR_IROM1 (Base: 0x00000000, Size: 0x00008000, Max: 0x00010000, ABSOLUTE)

    Execution Region ER_IROM1 (Exec base: 0x00000000, Load base: 0x00000000, Size: 0x00007ff0, Max: 0x00010000, ABSOLUTE)

    Exec Addr    Load Addr    Size         Type   Attr      Idx    E Section Name        Object

    0x00000000   0x00000000   0x000000b4   Data   RO          311    RESET               startup_dt5m1x26.o
    0x000000b4   0x000000b4   0x00000000   Code   RO         1622  * .ARM.Collect$$$$00000000  mc_p.l(entry.o)
    0x000000b4   0x000000b4   0x00000004   Code   RO         1633    .ARM.Collect$$$$00000001  mc_p.l(entry2.o)
    0x000000b8   0x000000b8   0x00000004   Code   RO         1636    .ARM.Collect$$$$00000004  mc_p.l(entry5.o)
    0x000000bc   0x000000bc   0x00000000   Code   RO         1638    .ARM.Collect$$$$00000008  mc_p.l(entry7b.o)
    0x000000bc   0x000000bc   0x00000000   Code   RO         1640    .ARM.Collect$$$$0000000A  mc_p.l(entry8b.o)
    0x000000bc   0x000000bc   0x00000008   Code   RO         1641    .ARM.Collect$$$$0000000B  mc_p.l(entry9a.o)
    0x000000c4   0x000000c4   0x00000004   Code   RO         1648    .ARM.Collect$$$$0000000E  mc_p.l(entry12b.o)
    0x000000c8   0x000000c8   0x00000000   Code   RO         1643    .ARM.Collect$$$$0000000F  mc_p.l(entry10a.o)
    0x000000c8   0x000000c8   0x00000000   Code   RO         1645    .ARM.Collect$$$$00000011  mc_p.l(entry11a.o)
    0x000000c8   0x000000c8   0x00000004   Code   RO         1634    .ARM.Collect$$$$00002712  mc_p.l(entry2.o)
    0x000000cc   0x000000cc   0x00000024   Code   RO          312    .text               startup_dt5m1x26.o
    0x000000f0   0x000000f0   0x00000024   Code   RO         1652    .text               mc_p.l(init.o)
    0x00000114   0x00000114   0x00000002   Code   RO          148    i.ADC_Fall_Int_Handler  dt5m1x26_it.o
    0x00000116   0x00000116   0x00000002   Code   RO          149    i.ADC_Int_Handler   dt5m1x26_it.o
    0x00000118   0x00000118   0x00000002   Code   RO          150    i.ADC_Rise_Int_Handler  dt5m1x26_it.o
    0x0000011a   0x0000011a   0x00000002   PAD
    0x0000011c   0x0000011c   0x00000050   Code   RO            3    i.Audio_GPIO_Init   main.o
    0x0000016c   0x0000016c   0x00000002   Code   RO          151    i.GPIO_Int_Handler  dt5m1x26_it.o
    0x0000016e   0x0000016e   0x00000008   Code   RO          551    i.GPIO_Pins_Set     dt5m1x26_gpio.o
    0x00000176   0x00000176   0x00000002   PAD
    0x00000178   0x00000178   0x00000124   Code   RO          553    i.GPIO_StructInit   dt5m1x26_gpio.o
    0x0000029c   0x0000029c   0x00000002   Code   RO          152    i.GPIO_WakeUp_Int_Handler  dt5m1x26_it.o
    0x0000029e   0x0000029e   0x00000002   Code   RO          153    i.I2C_Int_Handler   dt5m1x26_it.o
    0x000002a0   0x000002a0   0x0000003c   Code   RO            4    i.PlayAudio_Init    main.o
    0x000002dc   0x000002dc   0x00000014   Code   RO          881    i.RCC_SoundClk_Int  dt5m1x26_rcc.o
    0x000002f0   0x000002f0   0x00000002   Code   RO          154    i.RTC_Int_Handler   dt5m1x26_it.o
    0x000002f2   0x000002f2   0x00000002   Code   RO          155    i.SPI_Int_Handler   dt5m1x26_it.o
    0x000002f4   0x000002f4   0x0000000a   Code   RO          487    i.Sound_ClearInt    dt5m1x26_audio.o
    0x000002fe   0x000002fe   0x00000002   PAD
    0x00000300   0x00000300   0x00000014   Code   RO          488    i.Sound_DisableInt  dt5m1x26_audio.o
    0x00000314   0x00000314   0x00000014   Code   RO          489    i.Sound_EnableInt   dt5m1x26_audio.o
    0x00000328   0x00000328   0x00000008   Code   RO           47    i.Sound_Fill_FIFO0  main.o
    0x00000330   0x00000330   0x00000008   Code   RO           52    i.Sound_Fill_FIFO1  main.o
    0x00000338   0x00000338   0x0000000c   Code   RO          490    i.Sound_GetFifoPointer  dt5m1x26_audio.o
    0x00000344   0x00000344   0x0000000c   Code   RO          491    i.Sound_GetInt      dt5m1x26_audio.o
    0x00000350   0x00000350   0x00000008   Code   RO          156    i.Sound_Int_Handler  dt5m1x26_it.o
    0x00000358   0x00000358   0x0000008c   Code   RO            5    i.Sound_Int_Usr_Handler  main.o
    0x000003e4   0x000003e4   0x00000048   Code   RO          492    i.Sound_StructInit  dt5m1x26_audio.o
    0x0000042c   0x0000042c   0x00000002   Code   RO          157    i.SysTick_Handler   dt5m1x26_it.o
    0x0000042e   0x0000042e   0x00000002   Code   RO          321    i.SystemInit        system_dt5m1x26.o
    0x00000430   0x00000430   0x00000018   Code   RO          158    i.Timer0_Int_Handler  dt5m1x26_it.o
    0x00000448   0x00000448   0x00000018   Code   RO          159    i.Timer1_Int_Handler  dt5m1x26_it.o
    0x00000460   0x00000460   0x00000008   Code   RO         1231    i.Timer_ClearIntFlag  dt5m1x26_timer.o
    0x00000468   0x00000468   0x00000008   Code   RO         1236    i.Timer_GetIntFlag  dt5m1x26_timer.o
    0x00000470   0x00000470   0x00000002   Code   RO          161    i.WDT_Int_Handler   dt5m1x26_it.o
    0x00000472   0x00000472   0x0000000e   Code   RO         1656    i.__scatterload_copy  mc_p.l(handlers.o)
    0x00000480   0x00000480   0x00000002   Code   RO         1657    i.__scatterload_null  mc_p.l(handlers.o)
    0x00000482   0x00000482   0x0000000e   Code   RO         1658    i.__scatterload_zeroinit  mc_p.l(handlers.o)
    0x00000490   0x00000490   0x00000024   Code   RO            6    i.main              main.o
    0x000004b4   0x000004b4   0x00000014   Code   RO            7    i.playAudio_Stop    main.o
    0x000004c8   0x000004c8   0x00007b08   Data   RO            8    .constdata          main.o
    0x00007fd0   0x00007fd0   0x00000020   Data   RO         1654    Region$$Table       anon$$obj.o


    Execution Region RW_IRAM1 (Exec base: 0x03000000, Load base: 0x00007ff0, Size: 0x00000610, Max: 0x00002000, ABSOLUTE)

    Exec Addr    Load Addr    Size         Type   Attr      Idx    E Section Name        Object

    0x03000000   0x00007ff0   0x0000000d   Data   RW            9    .data               main.o
    0x0300000d   0x00007ffd   0x00000003   PAD
    0x03000010        -       0x00000600   Zero   RW          309    STACK               startup_dt5m1x26.o


==============================================================================

Image component sizes


      Code (inc. data)   RO Data    RW Data    ZI Data      Debug   Object Name

         0          0          0          0          0       5668   dt5m1x26_adc.o
       146         12          0          0          0       3475   dt5m1x26_audio.o
       300          6          0          0          0       1658   dt5m1x26_gpio.o
        76          8          0          0          0      28257   dt5m1x26_it.o
        20          0          0          0          0        491   dt5m1x26_rcc.o
        16          0          0          0          0       1432   dt5m1x26_timer.o
       352         40      31496         13          0      14872   main.o
        36          8        180          0       1536        620   startup_dt5m1x26.o
         2          0          0          0          0        417   system_dt5m1x26.o

    ----------------------------------------------------------------------
       954         74      31708         16       1536      56890   Object Totals
         0          0         32          0          0          0   (incl. Generated)
         6          0          0          3          0          0   (incl. Padding)

    ----------------------------------------------------------------------

      Code (inc. data)   RO Data    RW Data    ZI Data      Debug   Library Member Name

         0          0          0          0          0          0   entry.o
         0          0          0          0          0          0   entry10a.o
         0          0          0          0          0          0   entry11a.o
         4          0          0          0          0          0   entry12b.o
         8          4          0          0          0          0   entry2.o
         4          0          0          0          0          0   entry5.o
         0          0          0          0          0          0   entry7b.o
         0          0          0          0          0          0   entry8b.o
         8          4          0          0          0          0   entry9a.o
        30          0          0          0          0          0   handlers.o
        36          8          0          0          0         68   init.o

    ----------------------------------------------------------------------
        90         16          0          0          0         68   Library Totals
         0          0          0          0          0          0   (incl. Padding)

    ----------------------------------------------------------------------

      Code (inc. data)   RO Data    RW Data    ZI Data      Debug   Library Name

        90         16          0          0          0         68   mc_p.l

    ----------------------------------------------------------------------
        90         16          0          0          0         68   Library Totals

    ----------------------------------------------------------------------

==============================================================================


      Code (inc. data)   RO Data    RW Data    ZI Data      Debug   

      1044         90      31708         16       1536      55878   Grand Totals
      1044         90      31708         16       1536      55878   ELF Image Totals
      1044         90      31708         16          0          0   ROM Totals

==============================================================================

    Total RO  Size (Code + RO Data)                32752 (  31.98kB)
    Total RW  Size (RW Data + ZI Data)              1552 (   1.52kB)
    Total ROM Size (Code + RO Data + RW Data)      32768 (  32.00kB)

==============================================================================

