<!doctype html public "-//w3c//dtd html 4.0 transitional//en">
<html><head>
<title>Static Call Graph - [.\Objects\DT5M1x26.axf]</title></head>
<body><HR>
<H1>Static Call Graph for image .\Objects\DT5M1x26.axf</H1><HR>
<BR><P>#&#060CALLGRAPH&#062# ARM Linker, 5060960: Last Updated: Wed Dec 20 20:46:35 2023
<BR><P>
<H3>Maximum Stack Usage =         24 bytes + Unknown(Cycles, Untraceable Function Pointers)</H3><H3>
Call chain for Maximum Stack Depth:</H3>
main &rArr; Audio_GPIO_Init &rArr; GPIO_StructInit
<P>
<H3>
Mutually Recursive functions
</H3> <LI><a href="#[1]">NMI_Handler</a>&nbsp;&nbsp;&nbsp;&rArr;&nbsp;&nbsp;&nbsp;<a href="#[1]">NMI_Handler</a><BR>
 <LI><a href="#[2]">HardFault_Handler</a>&nbsp;&nbsp;&nbsp;&rArr;&nbsp;&nbsp;&nbsp;<a href="#[2]">HardFault_Handler</a><BR>
 <LI><a href="#[3]">SVC_Handler</a>&nbsp;&nbsp;&nbsp;&rArr;&nbsp;&nbsp;&nbsp;<a href="#[3]">SVC_Handler</a><BR>
 <LI><a href="#[4]">PendSV_Handler</a>&nbsp;&nbsp;&nbsp;&rArr;&nbsp;&nbsp;&nbsp;<a href="#[4]">PendSV_Handler</a><BR>
 <LI><a href="#[18]">BOD_Int_Handler</a>&nbsp;&nbsp;&nbsp;&rArr;&nbsp;&nbsp;&nbsp;<a href="#[18]">BOD_Int_Handler</a><BR>
</UL>
<P>
<H3>
Function Pointers
</H3><UL>
 <LI><a href="#[13]">ADC_Fall_Int_Handler</a> from dt5m1x26_it.o(i.ADC_Fall_Int_Handler) referenced from startup_dt5m1x26.o(RESET)
 <LI><a href="#[12]">ADC_Int_Handler</a> from dt5m1x26_it.o(i.ADC_Int_Handler) referenced from startup_dt5m1x26.o(RESET)
 <LI><a href="#[14]">ADC_Rise_Int_Handler</a> from dt5m1x26_it.o(i.ADC_Rise_Int_Handler) referenced from startup_dt5m1x26.o(RESET)
 <LI><a href="#[18]">BOD_Int_Handler</a> from startup_dt5m1x26.o(.text) referenced from startup_dt5m1x26.o(RESET)
 <LI><a href="#[e]">CMP_HIGH_Int_Handler</a> from startup_dt5m1x26.o(.text) referenced from startup_dt5m1x26.o(RESET)
 <LI><a href="#[d]">CMP_LOW_Int_Handler</a> from startup_dt5m1x26.o(.text) referenced from startup_dt5m1x26.o(RESET)
 <LI><a href="#[9]">GPIO_Int_Handler</a> from dt5m1x26_it.o(i.GPIO_Int_Handler) referenced from startup_dt5m1x26.o(RESET)
 <LI><a href="#[a]">GPIO_WakeUp_Int_Handler</a> from dt5m1x26_it.o(i.GPIO_WakeUp_Int_Handler) referenced from startup_dt5m1x26.o(RESET)
 <LI><a href="#[2]">HardFault_Handler</a> from startup_dt5m1x26.o(.text) referenced from startup_dt5m1x26.o(RESET)
 <LI><a href="#[10]">I2C_Int_Handler</a> from dt5m1x26_it.o(i.I2C_Int_Handler) referenced from startup_dt5m1x26.o(RESET)
 <LI><a href="#[16]">I2C_TX_EMPTY_Int_Handler</a> from startup_dt5m1x26.o(.text) referenced from startup_dt5m1x26.o(RESET)
 <LI><a href="#[15]">I2C_rx_full_Int_Handler</a> from startup_dt5m1x26.o(.text) referenced from startup_dt5m1x26.o(RESET)
 <LI><a href="#[1]">NMI_Handler</a> from startup_dt5m1x26.o(.text) referenced from startup_dt5m1x26.o(RESET)
 <LI><a href="#[4]">PendSV_Handler</a> from startup_dt5m1x26.o(.text) referenced from startup_dt5m1x26.o(RESET)
 <LI><a href="#[11]">RTC_Int_Handler</a> from dt5m1x26_it.o(i.RTC_Int_Handler) referenced from startup_dt5m1x26.o(RESET)
 <LI><a href="#[0]">Reset_Handler</a> from startup_dt5m1x26.o(.text) referenced from startup_dt5m1x26.o(RESET)
 <LI><a href="#[f]">SPI_Int_Handler</a> from dt5m1x26_it.o(i.SPI_Int_Handler) referenced from startup_dt5m1x26.o(RESET)
 <LI><a href="#[3]">SVC_Handler</a> from startup_dt5m1x26.o(.text) referenced from startup_dt5m1x26.o(RESET)
 <LI><a href="#[b]">Sound_Int_Handler</a> from dt5m1x26_it.o(i.Sound_Int_Handler) referenced from startup_dt5m1x26.o(RESET)
 <LI><a href="#[5]">SysTick_Handler</a> from dt5m1x26_it.o(i.SysTick_Handler) referenced from startup_dt5m1x26.o(RESET)
 <LI><a href="#[7]">Timer0_Int_Handler</a> from dt5m1x26_it.o(i.Timer0_Int_Handler) referenced from startup_dt5m1x26.o(RESET)
 <LI><a href="#[8]">Timer1_Int_Handler</a> from dt5m1x26_it.o(i.Timer1_Int_Handler) referenced from startup_dt5m1x26.o(RESET)
 <LI><a href="#[c]">Uart0_Int_Handler</a> from startup_dt5m1x26.o(.text) referenced from startup_dt5m1x26.o(RESET)
 <LI><a href="#[17]">Uart1_Int_Handler</a> from startup_dt5m1x26.o(.text) referenced from startup_dt5m1x26.o(RESET)
 <LI><a href="#[6]">WDT_Int_Handler</a> from dt5m1x26_it.o(i.WDT_Int_Handler) referenced from startup_dt5m1x26.o(RESET)
 <LI><a href="#[1a]">__main</a> from entry.o(.ARM.Collect$$$$00000000) referenced from startup_dt5m1x26.o(.text)
 <LI><a href="#[19]">main</a> from main.o(i.main) referenced from entry9a.o(.ARM.Collect$$$$0000000B)
</UL>
<P>
<H3>
Global Symbols
</H3>
<P><STRONG><a name="[1a]"></a>__main</STRONG> (Thumb, 0 bytes, Stack size unknown bytes, entry.o(.ARM.Collect$$$$00000000))
<BR>[Address Reference Count : 1]<UL><LI> startup_dt5m1x26.o(.text)
</UL>
<P><STRONG><a name="[31]"></a>_main_stk</STRONG> (Thumb, 0 bytes, Stack size unknown bytes, entry2.o(.ARM.Collect$$$$00000001))

<P><STRONG><a name="[1b]"></a>_main_scatterload</STRONG> (Thumb, 0 bytes, Stack size unknown bytes, entry5.o(.ARM.Collect$$$$00000004))
<BR><BR>[Calls]<UL><LI><a href="#[1c]">&gt;&gt;</a>&nbsp;&nbsp;&nbsp;__scatterload
</UL>

<P><STRONG><a name="[1f]"></a>__main_after_scatterload</STRONG> (Thumb, 0 bytes, Stack size unknown bytes, entry5.o(.ARM.Collect$$$$00000004))
<BR><BR>[Called By]<UL><LI><a href="#[1c]">&gt;&gt;</a>&nbsp;&nbsp;&nbsp;__scatterload
</UL>

<P><STRONG><a name="[32]"></a>_main_clock</STRONG> (Thumb, 0 bytes, Stack size unknown bytes, entry7b.o(.ARM.Collect$$$$00000008))

<P><STRONG><a name="[33]"></a>_main_cpp_init</STRONG> (Thumb, 0 bytes, Stack size unknown bytes, entry8b.o(.ARM.Collect$$$$0000000A))

<P><STRONG><a name="[34]"></a>_main_init</STRONG> (Thumb, 0 bytes, Stack size unknown bytes, entry9a.o(.ARM.Collect$$$$0000000B))

<P><STRONG><a name="[1d]"></a>__rt_lib_shutdown_fini</STRONG> (Thumb, 0 bytes, Stack size unknown bytes, entry12b.o(.ARM.Collect$$$$0000000E))
<BR><BR>[Calls]<UL><LI><a href="#[1e]">&gt;&gt;</a>&nbsp;&nbsp;&nbsp;__arm_fini_ (Weak Reference)
</UL>

<P><STRONG><a name="[35]"></a>__rt_final_cpp</STRONG> (Thumb, 0 bytes, Stack size unknown bytes, entry10a.o(.ARM.Collect$$$$0000000F))

<P><STRONG><a name="[36]"></a>__rt_final_exit</STRONG> (Thumb, 0 bytes, Stack size unknown bytes, entry11a.o(.ARM.Collect$$$$00000011))

<P><STRONG><a name="[0]"></a>Reset_Handler</STRONG> (Thumb, 16 bytes, Stack size 0 bytes, startup_dt5m1x26.o(.text))
<BR>[Address Reference Count : 1]<UL><LI> startup_dt5m1x26.o(RESET)
</UL>
<P><STRONG><a name="[1]"></a>NMI_Handler</STRONG> (Thumb, 2 bytes, Stack size 0 bytes, startup_dt5m1x26.o(.text))
<BR><BR>[Calls]<UL><LI><a href="#[1]">&gt;&gt;</a>&nbsp;&nbsp;&nbsp;NMI_Handler
</UL>
<BR>[Called By]<UL><LI><a href="#[1]">&gt;&gt;</a>&nbsp;&nbsp;&nbsp;NMI_Handler
</UL>
<BR>[Address Reference Count : 1]<UL><LI> startup_dt5m1x26.o(RESET)
</UL>
<P><STRONG><a name="[2]"></a>HardFault_Handler</STRONG> (Thumb, 2 bytes, Stack size 0 bytes, startup_dt5m1x26.o(.text))
<BR><BR>[Calls]<UL><LI><a href="#[2]">&gt;&gt;</a>&nbsp;&nbsp;&nbsp;HardFault_Handler
</UL>
<BR>[Called By]<UL><LI><a href="#[2]">&gt;&gt;</a>&nbsp;&nbsp;&nbsp;HardFault_Handler
</UL>
<BR>[Address Reference Count : 1]<UL><LI> startup_dt5m1x26.o(RESET)
</UL>
<P><STRONG><a name="[3]"></a>SVC_Handler</STRONG> (Thumb, 2 bytes, Stack size 0 bytes, startup_dt5m1x26.o(.text))
<BR><BR>[Calls]<UL><LI><a href="#[3]">&gt;&gt;</a>&nbsp;&nbsp;&nbsp;SVC_Handler
</UL>
<BR>[Called By]<UL><LI><a href="#[3]">&gt;&gt;</a>&nbsp;&nbsp;&nbsp;SVC_Handler
</UL>
<BR>[Address Reference Count : 1]<UL><LI> startup_dt5m1x26.o(RESET)
</UL>
<P><STRONG><a name="[4]"></a>PendSV_Handler</STRONG> (Thumb, 2 bytes, Stack size 0 bytes, startup_dt5m1x26.o(.text))
<BR><BR>[Calls]<UL><LI><a href="#[4]">&gt;&gt;</a>&nbsp;&nbsp;&nbsp;PendSV_Handler
</UL>
<BR>[Called By]<UL><LI><a href="#[4]">&gt;&gt;</a>&nbsp;&nbsp;&nbsp;PendSV_Handler
</UL>
<BR>[Address Reference Count : 1]<UL><LI> startup_dt5m1x26.o(RESET)
</UL>
<P><STRONG><a name="[18]"></a>BOD_Int_Handler</STRONG> (Thumb, 0 bytes, Stack size 0 bytes, startup_dt5m1x26.o(.text))
<BR><BR>[Calls]<UL><LI><a href="#[18]">&gt;&gt;</a>&nbsp;&nbsp;&nbsp;BOD_Int_Handler
</UL>
<BR>[Called By]<UL><LI><a href="#[18]">&gt;&gt;</a>&nbsp;&nbsp;&nbsp;BOD_Int_Handler
</UL>
<BR>[Address Reference Count : 1]<UL><LI> startup_dt5m1x26.o(RESET)
</UL>
<P><STRONG><a name="[e]"></a>CMP_HIGH_Int_Handler</STRONG> (Thumb, 0 bytes, Stack size 0 bytes, startup_dt5m1x26.o(.text))
<BR>[Address Reference Count : 1]<UL><LI> startup_dt5m1x26.o(RESET)
</UL>
<P><STRONG><a name="[d]"></a>CMP_LOW_Int_Handler</STRONG> (Thumb, 0 bytes, Stack size 0 bytes, startup_dt5m1x26.o(.text))
<BR>[Address Reference Count : 1]<UL><LI> startup_dt5m1x26.o(RESET)
</UL>
<P><STRONG><a name="[16]"></a>I2C_TX_EMPTY_Int_Handler</STRONG> (Thumb, 0 bytes, Stack size 0 bytes, startup_dt5m1x26.o(.text))
<BR>[Address Reference Count : 1]<UL><LI> startup_dt5m1x26.o(RESET)
</UL>
<P><STRONG><a name="[15]"></a>I2C_rx_full_Int_Handler</STRONG> (Thumb, 0 bytes, Stack size 0 bytes, startup_dt5m1x26.o(.text))
<BR>[Address Reference Count : 1]<UL><LI> startup_dt5m1x26.o(RESET)
</UL>
<P><STRONG><a name="[c]"></a>Uart0_Int_Handler</STRONG> (Thumb, 0 bytes, Stack size 0 bytes, startup_dt5m1x26.o(.text))
<BR>[Address Reference Count : 1]<UL><LI> startup_dt5m1x26.o(RESET)
</UL>
<P><STRONG><a name="[17]"></a>Uart1_Int_Handler</STRONG> (Thumb, 0 bytes, Stack size 0 bytes, startup_dt5m1x26.o(.text))
<BR>[Address Reference Count : 1]<UL><LI> startup_dt5m1x26.o(RESET)
</UL>
<P><STRONG><a name="[1c]"></a>__scatterload</STRONG> (Thumb, 28 bytes, Stack size 0 bytes, init.o(.text))
<BR><BR>[Calls]<UL><LI><a href="#[1f]">&gt;&gt;</a>&nbsp;&nbsp;&nbsp;__main_after_scatterload
</UL>
<BR>[Called By]<UL><LI><a href="#[1b]">&gt;&gt;</a>&nbsp;&nbsp;&nbsp;_main_scatterload
</UL>

<P><STRONG><a name="[37]"></a>__scatterload_rt2</STRONG> (Thumb, 0 bytes, Stack size 0 bytes, init.o(.text), UNUSED)

<P><STRONG><a name="[13]"></a>ADC_Fall_Int_Handler</STRONG> (Thumb, 2 bytes, Stack size 0 bytes, dt5m1x26_it.o(i.ADC_Fall_Int_Handler))
<BR>[Address Reference Count : 1]<UL><LI> startup_dt5m1x26.o(RESET)
</UL>
<P><STRONG><a name="[12]"></a>ADC_Int_Handler</STRONG> (Thumb, 2 bytes, Stack size 0 bytes, dt5m1x26_it.o(i.ADC_Int_Handler))
<BR>[Address Reference Count : 1]<UL><LI> startup_dt5m1x26.o(RESET)
</UL>
<P><STRONG><a name="[14]"></a>ADC_Rise_Int_Handler</STRONG> (Thumb, 2 bytes, Stack size 0 bytes, dt5m1x26_it.o(i.ADC_Rise_Int_Handler))
<BR>[Address Reference Count : 1]<UL><LI> startup_dt5m1x26.o(RESET)
</UL>
<P><STRONG><a name="[20]"></a>Audio_GPIO_Init</STRONG> (Thumb, 76 bytes, Stack size 16 bytes, main.o(i.Audio_GPIO_Init))
<BR><BR>[Stack]<UL><LI>Max Depth = 24<LI>Call Chain = Audio_GPIO_Init &rArr; GPIO_StructInit
</UL>
<BR>[Calls]<UL><LI><a href="#[21]">&gt;&gt;</a>&nbsp;&nbsp;&nbsp;GPIO_StructInit
<LI><a href="#[22]">&gt;&gt;</a>&nbsp;&nbsp;&nbsp;GPIO_Pins_Set
</UL>
<BR>[Called By]<UL><LI><a href="#[19]">&gt;&gt;</a>&nbsp;&nbsp;&nbsp;main
</UL>

<P><STRONG><a name="[9]"></a>GPIO_Int_Handler</STRONG> (Thumb, 2 bytes, Stack size 0 bytes, dt5m1x26_it.o(i.GPIO_Int_Handler))
<BR>[Address Reference Count : 1]<UL><LI> startup_dt5m1x26.o(RESET)
</UL>
<P><STRONG><a name="[22]"></a>GPIO_Pins_Set</STRONG> (Thumb, 8 bytes, Stack size 0 bytes, dt5m1x26_gpio.o(i.GPIO_Pins_Set))
<BR><BR>[Called By]<UL><LI><a href="#[20]">&gt;&gt;</a>&nbsp;&nbsp;&nbsp;Audio_GPIO_Init
</UL>

<P><STRONG><a name="[21]"></a>GPIO_StructInit</STRONG> (Thumb, 286 bytes, Stack size 8 bytes, dt5m1x26_gpio.o(i.GPIO_StructInit))
<BR><BR>[Stack]<UL><LI>Max Depth = 8<LI>Call Chain = GPIO_StructInit
</UL>
<BR>[Called By]<UL><LI><a href="#[20]">&gt;&gt;</a>&nbsp;&nbsp;&nbsp;Audio_GPIO_Init
</UL>

<P><STRONG><a name="[a]"></a>GPIO_WakeUp_Int_Handler</STRONG> (Thumb, 2 bytes, Stack size 0 bytes, dt5m1x26_it.o(i.GPIO_WakeUp_Int_Handler))
<BR>[Address Reference Count : 1]<UL><LI> startup_dt5m1x26.o(RESET)
</UL>
<P><STRONG><a name="[10]"></a>I2C_Int_Handler</STRONG> (Thumb, 2 bytes, Stack size 0 bytes, dt5m1x26_it.o(i.I2C_Int_Handler))
<BR>[Address Reference Count : 1]<UL><LI> startup_dt5m1x26.o(RESET)
</UL>
<P><STRONG><a name="[23]"></a>PlayAudio_Init</STRONG> (Thumb, 54 bytes, Stack size 16 bytes, main.o(i.PlayAudio_Init))
<BR><BR>[Stack]<UL><LI>Max Depth = 16<LI>Call Chain = PlayAudio_Init
</UL>
<BR>[Calls]<UL><LI><a href="#[25]">&gt;&gt;</a>&nbsp;&nbsp;&nbsp;Sound_StructInit
<LI><a href="#[28]">&gt;&gt;</a>&nbsp;&nbsp;&nbsp;Sound_EnableInt
<LI><a href="#[24]">&gt;&gt;</a>&nbsp;&nbsp;&nbsp;RCC_SoundClk_Int
<LI><a href="#[27]">&gt;&gt;</a>&nbsp;&nbsp;&nbsp;Sound_Fill_FIFO1
<LI><a href="#[26]">&gt;&gt;</a>&nbsp;&nbsp;&nbsp;Sound_Fill_FIFO0
</UL>
<BR>[Called By]<UL><LI><a href="#[19]">&gt;&gt;</a>&nbsp;&nbsp;&nbsp;main
</UL>

<P><STRONG><a name="[24]"></a>RCC_SoundClk_Int</STRONG> (Thumb, 20 bytes, Stack size 0 bytes, dt5m1x26_rcc.o(i.RCC_SoundClk_Int))
<BR><BR>[Called By]<UL><LI><a href="#[23]">&gt;&gt;</a>&nbsp;&nbsp;&nbsp;PlayAudio_Init
</UL>

<P><STRONG><a name="[11]"></a>RTC_Int_Handler</STRONG> (Thumb, 2 bytes, Stack size 0 bytes, dt5m1x26_it.o(i.RTC_Int_Handler))
<BR>[Address Reference Count : 1]<UL><LI> startup_dt5m1x26.o(RESET)
</UL>
<P><STRONG><a name="[f]"></a>SPI_Int_Handler</STRONG> (Thumb, 2 bytes, Stack size 0 bytes, dt5m1x26_it.o(i.SPI_Int_Handler))
<BR>[Address Reference Count : 1]<UL><LI> startup_dt5m1x26.o(RESET)
</UL>
<P><STRONG><a name="[2b]"></a>Sound_ClearInt</STRONG> (Thumb, 10 bytes, Stack size 0 bytes, dt5m1x26_audio.o(i.Sound_ClearInt))
<BR><BR>[Called By]<UL><LI><a href="#[29]">&gt;&gt;</a>&nbsp;&nbsp;&nbsp;Sound_Int_Usr_Handler
</UL>

<P><STRONG><a name="[30]"></a>Sound_DisableInt</STRONG> (Thumb, 14 bytes, Stack size 0 bytes, dt5m1x26_audio.o(i.Sound_DisableInt))
<BR><BR>[Called By]<UL><LI><a href="#[2f]">&gt;&gt;</a>&nbsp;&nbsp;&nbsp;playAudio_Stop
</UL>

<P><STRONG><a name="[28]"></a>Sound_EnableInt</STRONG> (Thumb, 14 bytes, Stack size 0 bytes, dt5m1x26_audio.o(i.Sound_EnableInt))
<BR><BR>[Called By]<UL><LI><a href="#[23]">&gt;&gt;</a>&nbsp;&nbsp;&nbsp;PlayAudio_Init
</UL>

<P><STRONG><a name="[26]"></a>Sound_Fill_FIFO0</STRONG> (Thumb, 8 bytes, Stack size 0 bytes, main.o(i.Sound_Fill_FIFO0))
<BR><BR>[Called By]<UL><LI><a href="#[2f]">&gt;&gt;</a>&nbsp;&nbsp;&nbsp;playAudio_Stop
<LI><a href="#[29]">&gt;&gt;</a>&nbsp;&nbsp;&nbsp;Sound_Int_Usr_Handler
<LI><a href="#[23]">&gt;&gt;</a>&nbsp;&nbsp;&nbsp;PlayAudio_Init
</UL>

<P><STRONG><a name="[27]"></a>Sound_Fill_FIFO1</STRONG> (Thumb, 8 bytes, Stack size 0 bytes, main.o(i.Sound_Fill_FIFO1))
<BR><BR>[Called By]<UL><LI><a href="#[2f]">&gt;&gt;</a>&nbsp;&nbsp;&nbsp;playAudio_Stop
<LI><a href="#[29]">&gt;&gt;</a>&nbsp;&nbsp;&nbsp;Sound_Int_Usr_Handler
<LI><a href="#[23]">&gt;&gt;</a>&nbsp;&nbsp;&nbsp;PlayAudio_Init
</UL>

<P><STRONG><a name="[2c]"></a>Sound_GetFifoPointer</STRONG> (Thumb, 12 bytes, Stack size 0 bytes, dt5m1x26_audio.o(i.Sound_GetFifoPointer))
<BR><BR>[Called By]<UL><LI><a href="#[29]">&gt;&gt;</a>&nbsp;&nbsp;&nbsp;Sound_Int_Usr_Handler
</UL>

<P><STRONG><a name="[2a]"></a>Sound_GetInt</STRONG> (Thumb, 12 bytes, Stack size 0 bytes, dt5m1x26_audio.o(i.Sound_GetInt))
<BR><BR>[Called By]<UL><LI><a href="#[29]">&gt;&gt;</a>&nbsp;&nbsp;&nbsp;Sound_Int_Usr_Handler
</UL>

<P><STRONG><a name="[b]"></a>Sound_Int_Handler</STRONG> (Thumb, 8 bytes, Stack size 8 bytes, dt5m1x26_it.o(i.Sound_Int_Handler))
<BR><BR>[Stack]<UL><LI>Max Depth = 16<LI>Call Chain = Sound_Int_Handler &rArr; Sound_Int_Usr_Handler
</UL>
<BR>[Calls]<UL><LI><a href="#[29]">&gt;&gt;</a>&nbsp;&nbsp;&nbsp;Sound_Int_Usr_Handler
</UL>
<BR>[Address Reference Count : 1]<UL><LI> startup_dt5m1x26.o(RESET)
</UL>
<P><STRONG><a name="[29]"></a>Sound_Int_Usr_Handler</STRONG> (Thumb, 116 bytes, Stack size 8 bytes, main.o(i.Sound_Int_Usr_Handler))
<BR><BR>[Stack]<UL><LI>Max Depth = 8<LI>Call Chain = Sound_Int_Usr_Handler
</UL>
<BR>[Calls]<UL><LI><a href="#[2a]">&gt;&gt;</a>&nbsp;&nbsp;&nbsp;Sound_GetInt
<LI><a href="#[2c]">&gt;&gt;</a>&nbsp;&nbsp;&nbsp;Sound_GetFifoPointer
<LI><a href="#[2b]">&gt;&gt;</a>&nbsp;&nbsp;&nbsp;Sound_ClearInt
<LI><a href="#[27]">&gt;&gt;</a>&nbsp;&nbsp;&nbsp;Sound_Fill_FIFO1
<LI><a href="#[26]">&gt;&gt;</a>&nbsp;&nbsp;&nbsp;Sound_Fill_FIFO0
</UL>
<BR>[Called By]<UL><LI><a href="#[b]">&gt;&gt;</a>&nbsp;&nbsp;&nbsp;Sound_Int_Handler
</UL>

<P><STRONG><a name="[25]"></a>Sound_StructInit</STRONG> (Thumb, 72 bytes, Stack size 0 bytes, dt5m1x26_audio.o(i.Sound_StructInit))
<BR><BR>[Called By]<UL><LI><a href="#[23]">&gt;&gt;</a>&nbsp;&nbsp;&nbsp;PlayAudio_Init
</UL>

<P><STRONG><a name="[5]"></a>SysTick_Handler</STRONG> (Thumb, 2 bytes, Stack size 0 bytes, dt5m1x26_it.o(i.SysTick_Handler))
<BR>[Address Reference Count : 1]<UL><LI> startup_dt5m1x26.o(RESET)
</UL>
<P><STRONG><a name="[38]"></a>SystemInit</STRONG> (Thumb, 2 bytes, Stack size 0 bytes, system_dt5m1x26.o(i.SystemInit), UNUSED)

<P><STRONG><a name="[7]"></a>Timer0_Int_Handler</STRONG> (Thumb, 20 bytes, Stack size 8 bytes, dt5m1x26_it.o(i.Timer0_Int_Handler))
<BR><BR>[Stack]<UL><LI>Max Depth = 8<LI>Call Chain = Timer0_Int_Handler
</UL>
<BR>[Calls]<UL><LI><a href="#[2d]">&gt;&gt;</a>&nbsp;&nbsp;&nbsp;Timer_GetIntFlag
<LI><a href="#[2e]">&gt;&gt;</a>&nbsp;&nbsp;&nbsp;Timer_ClearIntFlag
</UL>
<BR>[Address Reference Count : 1]<UL><LI> startup_dt5m1x26.o(RESET)
</UL>
<P><STRONG><a name="[8]"></a>Timer1_Int_Handler</STRONG> (Thumb, 20 bytes, Stack size 8 bytes, dt5m1x26_it.o(i.Timer1_Int_Handler))
<BR><BR>[Stack]<UL><LI>Max Depth = 8<LI>Call Chain = Timer1_Int_Handler
</UL>
<BR>[Calls]<UL><LI><a href="#[2d]">&gt;&gt;</a>&nbsp;&nbsp;&nbsp;Timer_GetIntFlag
<LI><a href="#[2e]">&gt;&gt;</a>&nbsp;&nbsp;&nbsp;Timer_ClearIntFlag
</UL>
<BR>[Address Reference Count : 1]<UL><LI> startup_dt5m1x26.o(RESET)
</UL>
<P><STRONG><a name="[2e]"></a>Timer_ClearIntFlag</STRONG> (Thumb, 8 bytes, Stack size 0 bytes, dt5m1x26_timer.o(i.Timer_ClearIntFlag))
<BR><BR>[Called By]<UL><LI><a href="#[8]">&gt;&gt;</a>&nbsp;&nbsp;&nbsp;Timer1_Int_Handler
<LI><a href="#[7]">&gt;&gt;</a>&nbsp;&nbsp;&nbsp;Timer0_Int_Handler
</UL>

<P><STRONG><a name="[2d]"></a>Timer_GetIntFlag</STRONG> (Thumb, 8 bytes, Stack size 0 bytes, dt5m1x26_timer.o(i.Timer_GetIntFlag))
<BR><BR>[Called By]<UL><LI><a href="#[8]">&gt;&gt;</a>&nbsp;&nbsp;&nbsp;Timer1_Int_Handler
<LI><a href="#[7]">&gt;&gt;</a>&nbsp;&nbsp;&nbsp;Timer0_Int_Handler
</UL>

<P><STRONG><a name="[6]"></a>WDT_Int_Handler</STRONG> (Thumb, 2 bytes, Stack size 0 bytes, dt5m1x26_it.o(i.WDT_Int_Handler))
<BR>[Address Reference Count : 1]<UL><LI> startup_dt5m1x26.o(RESET)
</UL>
<P><STRONG><a name="[39]"></a>__scatterload_copy</STRONG> (Thumb, 14 bytes, Stack size unknown bytes, handlers.o(i.__scatterload_copy), UNUSED)

<P><STRONG><a name="[3a]"></a>__scatterload_null</STRONG> (Thumb, 2 bytes, Stack size unknown bytes, handlers.o(i.__scatterload_null), UNUSED)

<P><STRONG><a name="[3b]"></a>__scatterload_zeroinit</STRONG> (Thumb, 14 bytes, Stack size unknown bytes, handlers.o(i.__scatterload_zeroinit), UNUSED)

<P><STRONG><a name="[19]"></a>main</STRONG> (Thumb, 30 bytes, Stack size 0 bytes, main.o(i.main))
<BR><BR>[Stack]<UL><LI>Max Depth = 24<LI>Call Chain = main &rArr; Audio_GPIO_Init &rArr; GPIO_StructInit
</UL>
<BR>[Calls]<UL><LI><a href="#[2f]">&gt;&gt;</a>&nbsp;&nbsp;&nbsp;playAudio_Stop
<LI><a href="#[23]">&gt;&gt;</a>&nbsp;&nbsp;&nbsp;PlayAudio_Init
<LI><a href="#[20]">&gt;&gt;</a>&nbsp;&nbsp;&nbsp;Audio_GPIO_Init
</UL>
<BR>[Address Reference Count : 1]<UL><LI> entry9a.o(.ARM.Collect$$$$0000000B)
</UL>
<P><STRONG><a name="[2f]"></a>playAudio_Stop</STRONG> (Thumb, 20 bytes, Stack size 8 bytes, main.o(i.playAudio_Stop))
<BR><BR>[Stack]<UL><LI>Max Depth = 8<LI>Call Chain = playAudio_Stop
</UL>
<BR>[Calls]<UL><LI><a href="#[30]">&gt;&gt;</a>&nbsp;&nbsp;&nbsp;Sound_DisableInt
<LI><a href="#[27]">&gt;&gt;</a>&nbsp;&nbsp;&nbsp;Sound_Fill_FIFO1
<LI><a href="#[26]">&gt;&gt;</a>&nbsp;&nbsp;&nbsp;Sound_Fill_FIFO0
</UL>
<BR>[Called By]<UL><LI><a href="#[19]">&gt;&gt;</a>&nbsp;&nbsp;&nbsp;main
</UL>
<P>
<H3>
Local Symbols
</H3><P>
<H3>
Undefined Global Symbols
</H3>
<P><STRONG><a name="[1e]"></a>__arm_fini_</STRONG> (Unknown, 0 bytes, Stack size 0 bytes, UNDEFINED)
<BR><BR>[Called By]<UL><LI><a href="#[1d]">&gt;&gt;</a>&nbsp;&nbsp;&nbsp;__rt_lib_shutdown_fini
</UL>
<HR></body></html>
